TimeQuest Timing Analyzer report for test_bench
Tue Apr 21 09:50:29 2020
Quartus II 64-Bit Version 13.0.1 Build 232 06/12/2013 Service Pack 1 SJ Web Edition


---------------------
; Table of Contents ;
---------------------
  1. Legal Notice
  2. TimeQuest Timing Analyzer Summary
  3. Parallel Compilation
  4. Clocks
  5. Slow Model Fmax Summary
  6. Slow Model Setup Summary
  7. Slow Model Hold Summary
  8. Slow Model Recovery Summary
  9. Slow Model Removal Summary
 10. Slow Model Minimum Pulse Width Summary
 11. Slow Model Minimum Pulse Width: 'KEY[0]'
 12. Setup Times
 13. Hold Times
 14. Clock to Output Times
 15. Minimum Clock to Output Times
 16. Propagation Delay
 17. Minimum Propagation Delay
 18. Fast Model Setup Summary
 19. Fast Model Hold Summary
 20. Fast Model Recovery Summary
 21. Fast Model Removal Summary
 22. Fast Model Minimum Pulse Width Summary
 23. Fast Model Minimum Pulse Width: 'KEY[0]'
 24. Setup Times
 25. Hold Times
 26. Clock to Output Times
 27. Minimum Clock to Output Times
 28. Propagation Delay
 29. Minimum Propagation Delay
 30. Multicorner Timing Analysis Summary
 31. Setup Times
 32. Hold Times
 33. Clock to Output Times
 34. Minimum Clock to Output Times
 35. Progagation Delay
 36. Minimum Progagation Delay
 37. Clock Transfers
 38. Report TCCS
 39. Report RSKM
 40. Unconstrained Paths
 41. TimeQuest Timing Analyzer Messages



----------------
; Legal Notice ;
----------------
Copyright (C) 1991-2013 Altera Corporation
Your use of Altera Corporation's design tools, logic functions 
and other software and tools, and its AMPP partner logic 
functions, and any output files from any of the foregoing 
(including device programming or simulation files), and any 
associated documentation or information are expressly subject 
to the terms and conditions of the Altera Program License 
Subscription Agreement, Altera MegaCore Function License 
Agreement, or other applicable license agreement, including, 
without limitation, that your use is for the sole purpose of 
programming logic devices manufactured by Altera and sold by 
Altera or its authorized distributors.  Please refer to the 
applicable agreement for further details.



+----------------------------------------------------------------------------------------+
; TimeQuest Timing Analyzer Summary                                                      ;
+--------------------+-------------------------------------------------------------------+
; Quartus II Version ; Version 13.0.1 Build 232 06/12/2013 Service Pack 1 SJ Web Edition ;
; Revision Name      ; test_bench                                                        ;
; Device Family      ; Cyclone II                                                        ;
; Device Name        ; EP2C35F672C6                                                      ;
; Timing Models      ; Final                                                             ;
; Delay Model        ; Combined                                                          ;
; Rise/Fall Delays   ; Unavailable                                                       ;
+--------------------+-------------------------------------------------------------------+


Parallel compilation was disabled, but you have multiple processors available. Enable parallel compilation to reduce compilation time.
+-------------------------------------+
; Parallel Compilation                ;
+----------------------------+--------+
; Processors                 ; Number ;
+----------------------------+--------+
; Number detected on machine ; 8      ;
; Maximum allowed            ; 1      ;
+----------------------------+--------+


+------------------------------------------------------------------------------------------------------------------------------------------------------------------------------------+
; Clocks                                                                                                                                                                             ;
+------------+------+--------+------------+-------+-------+------------+-----------+-------------+-------+--------+-----------+------------+----------+--------+--------+------------+
; Clock Name ; Type ; Period ; Frequency  ; Rise  ; Fall  ; Duty Cycle ; Divide by ; Multiply by ; Phase ; Offset ; Edge List ; Edge Shift ; Inverted ; Master ; Source ; Targets    ;
+------------+------+--------+------------+-------+-------+------------+-----------+-------------+-------+--------+-----------+------------+----------+--------+--------+------------+
; KEY[0]     ; Base ; 1.000  ; 1000.0 MHz ; 0.000 ; 0.500 ;            ;           ;             ;       ;        ;           ;            ;          ;        ;        ; { KEY[0] } ;
+------------+------+--------+------------+-------+-------+------------+-----------+-------------+-------+--------+-----------+------------+----------+--------+--------+------------+


---------------------------
; Slow Model Fmax Summary ;
---------------------------
No paths to report.


----------------------------
; Slow Model Setup Summary ;
----------------------------
No paths to report.


---------------------------
; Slow Model Hold Summary ;
---------------------------
No paths to report.


-------------------------------
; Slow Model Recovery Summary ;
-------------------------------
No paths to report.


------------------------------
; Slow Model Removal Summary ;
------------------------------
No paths to report.


+----------------------------------------+
; Slow Model Minimum Pulse Width Summary ;
+--------+--------+----------------------+
; Clock  ; Slack  ; End Point TNS        ;
+--------+--------+----------------------+
; KEY[0] ; -1.222 ; -1.222               ;
+--------+--------+----------------------+


+-----------------------------------------------------------------------------------------------------------------------------+
; Slow Model Minimum Pulse Width: 'KEY[0]'                                                                                    ;
+--------+--------------+----------------+------------------+--------+------------+-------------------------------------------+
; Slack  ; Actual Width ; Required Width ; Type             ; Clock  ; Clock Edge ; Target                                    ;
+--------+--------------+----------------+------------------+--------+------------+-------------------------------------------+
; -1.222 ; 1.000        ; 2.222          ; Port Rate        ; KEY[0] ; Rise       ; KEY[0]                                    ;
; 0.500  ; 0.500        ; 0.000          ; High Pulse Width ; KEY[0] ; Rise       ; KEY[0]|combout                            ;
; 0.500  ; 0.500        ; 0.000          ; Low Pulse Width  ; KEY[0] ; Rise       ; KEY[0]|combout                            ;
; 0.500  ; 0.500        ; 0.000          ; High Pulse Width ; KEY[0] ; Rise       ; guess_game:uut|generic_latch:Latcher|q[0] ;
; 0.500  ; 0.500        ; 0.000          ; Low Pulse Width  ; KEY[0] ; Rise       ; guess_game:uut|generic_latch:Latcher|q[0] ;
; 0.500  ; 0.500        ; 0.000          ; High Pulse Width ; KEY[0] ; Rise       ; guess_game:uut|generic_latch:Latcher|q[1] ;
; 0.500  ; 0.500        ; 0.000          ; Low Pulse Width  ; KEY[0] ; Rise       ; guess_game:uut|generic_latch:Latcher|q[1] ;
; 0.500  ; 0.500        ; 0.000          ; High Pulse Width ; KEY[0] ; Rise       ; guess_game:uut|generic_latch:Latcher|q[2] ;
; 0.500  ; 0.500        ; 0.000          ; Low Pulse Width  ; KEY[0] ; Rise       ; guess_game:uut|generic_latch:Latcher|q[2] ;
; 0.500  ; 0.500        ; 0.000          ; High Pulse Width ; KEY[0] ; Rise       ; guess_game:uut|generic_latch:Latcher|q[3] ;
; 0.500  ; 0.500        ; 0.000          ; Low Pulse Width  ; KEY[0] ; Rise       ; guess_game:uut|generic_latch:Latcher|q[3] ;
; 0.500  ; 0.500        ; 0.000          ; High Pulse Width ; KEY[0] ; Rise       ; guess_game:uut|generic_latch:Latcher|q[4] ;
; 0.500  ; 0.500        ; 0.000          ; Low Pulse Width  ; KEY[0] ; Rise       ; guess_game:uut|generic_latch:Latcher|q[4] ;
; 0.500  ; 0.500        ; 0.000          ; High Pulse Width ; KEY[0] ; Rise       ; guess_game:uut|generic_latch:Latcher|q[5] ;
; 0.500  ; 0.500        ; 0.000          ; Low Pulse Width  ; KEY[0] ; Rise       ; guess_game:uut|generic_latch:Latcher|q[5] ;
; 0.500  ; 0.500        ; 0.000          ; High Pulse Width ; KEY[0] ; Rise       ; guess_game:uut|generic_latch:Latcher|q[6] ;
; 0.500  ; 0.500        ; 0.000          ; Low Pulse Width  ; KEY[0] ; Rise       ; guess_game:uut|generic_latch:Latcher|q[6] ;
; 0.500  ; 0.500        ; 0.000          ; High Pulse Width ; KEY[0] ; Rise       ; guess_game:uut|generic_latch:Latcher|q[7] ;
; 0.500  ; 0.500        ; 0.000          ; Low Pulse Width  ; KEY[0] ; Rise       ; guess_game:uut|generic_latch:Latcher|q[7] ;
; 0.500  ; 0.500        ; 0.000          ; High Pulse Width ; KEY[0] ; Rise       ; uut|Latcher|q[0]|datad                    ;
; 0.500  ; 0.500        ; 0.000          ; Low Pulse Width  ; KEY[0] ; Rise       ; uut|Latcher|q[0]|datad                    ;
; 0.500  ; 0.500        ; 0.000          ; High Pulse Width ; KEY[0] ; Rise       ; uut|Latcher|q[1]|datad                    ;
; 0.500  ; 0.500        ; 0.000          ; Low Pulse Width  ; KEY[0] ; Rise       ; uut|Latcher|q[1]|datad                    ;
; 0.500  ; 0.500        ; 0.000          ; High Pulse Width ; KEY[0] ; Rise       ; uut|Latcher|q[2]|datad                    ;
; 0.500  ; 0.500        ; 0.000          ; Low Pulse Width  ; KEY[0] ; Rise       ; uut|Latcher|q[2]|datad                    ;
; 0.500  ; 0.500        ; 0.000          ; High Pulse Width ; KEY[0] ; Rise       ; uut|Latcher|q[3]|datad                    ;
; 0.500  ; 0.500        ; 0.000          ; Low Pulse Width  ; KEY[0] ; Rise       ; uut|Latcher|q[3]|datad                    ;
; 0.500  ; 0.500        ; 0.000          ; High Pulse Width ; KEY[0] ; Rise       ; uut|Latcher|q[4]|datad                    ;
; 0.500  ; 0.500        ; 0.000          ; Low Pulse Width  ; KEY[0] ; Rise       ; uut|Latcher|q[4]|datad                    ;
; 0.500  ; 0.500        ; 0.000          ; High Pulse Width ; KEY[0] ; Rise       ; uut|Latcher|q[5]|datad                    ;
; 0.500  ; 0.500        ; 0.000          ; Low Pulse Width  ; KEY[0] ; Rise       ; uut|Latcher|q[5]|datad                    ;
; 0.500  ; 0.500        ; 0.000          ; High Pulse Width ; KEY[0] ; Rise       ; uut|Latcher|q[6]|datad                    ;
; 0.500  ; 0.500        ; 0.000          ; Low Pulse Width  ; KEY[0] ; Rise       ; uut|Latcher|q[6]|datad                    ;
; 0.500  ; 0.500        ; 0.000          ; High Pulse Width ; KEY[0] ; Rise       ; uut|Latcher|q[7]|datad                    ;
; 0.500  ; 0.500        ; 0.000          ; Low Pulse Width  ; KEY[0] ; Rise       ; uut|Latcher|q[7]|datad                    ;
+--------+--------------+----------------+------------------+--------+------------+-------------------------------------------+


+-----------------------------------------------------------------------+
; Setup Times                                                           ;
+-----------+------------+-------+-------+------------+-----------------+
; Data Port ; Clock Port ; Rise  ; Fall  ; Clock Edge ; Clock Reference ;
+-----------+------------+-------+-------+------------+-----------------+
; SW[*]     ; KEY[0]     ; 1.585 ; 1.585 ; Rise       ; KEY[0]          ;
;  SW[0]    ; KEY[0]     ; 0.493 ; 0.493 ; Rise       ; KEY[0]          ;
;  SW[1]    ; KEY[0]     ; 0.330 ; 0.330 ; Rise       ; KEY[0]          ;
;  SW[2]    ; KEY[0]     ; 0.544 ; 0.544 ; Rise       ; KEY[0]          ;
;  SW[3]    ; KEY[0]     ; 1.208 ; 1.208 ; Rise       ; KEY[0]          ;
;  SW[4]    ; KEY[0]     ; 1.169 ; 1.169 ; Rise       ; KEY[0]          ;
;  SW[5]    ; KEY[0]     ; 0.951 ; 0.951 ; Rise       ; KEY[0]          ;
;  SW[6]    ; KEY[0]     ; 0.797 ; 0.797 ; Rise       ; KEY[0]          ;
;  SW[7]    ; KEY[0]     ; 1.585 ; 1.585 ; Rise       ; KEY[0]          ;
+-----------+------------+-------+-------+------------+-----------------+


+-------------------------------------------------------------------------+
; Hold Times                                                              ;
+-----------+------------+--------+--------+------------+-----------------+
; Data Port ; Clock Port ; Rise   ; Fall   ; Clock Edge ; Clock Reference ;
+-----------+------------+--------+--------+------------+-----------------+
; SW[*]     ; KEY[0]     ; 0.551  ; 0.551  ; Rise       ; KEY[0]          ;
;  SW[0]    ; KEY[0]     ; 0.354  ; 0.354  ; Rise       ; KEY[0]          ;
;  SW[1]    ; KEY[0]     ; 0.551  ; 0.551  ; Rise       ; KEY[0]          ;
;  SW[2]    ; KEY[0]     ; 0.295  ; 0.295  ; Rise       ; KEY[0]          ;
;  SW[3]    ; KEY[0]     ; -0.521 ; -0.521 ; Rise       ; KEY[0]          ;
;  SW[4]    ; KEY[0]     ; -0.335 ; -0.335 ; Rise       ; KEY[0]          ;
;  SW[5]    ; KEY[0]     ; -0.269 ; -0.269 ; Rise       ; KEY[0]          ;
;  SW[6]    ; KEY[0]     ; 0.084  ; 0.084  ; Rise       ; KEY[0]          ;
;  SW[7]    ; KEY[0]     ; -0.738 ; -0.738 ; Rise       ; KEY[0]          ;
+-----------+------------+--------+--------+------------+-----------------+


+-------------------------------------------------------------------------+
; Clock to Output Times                                                   ;
+-----------+------------+--------+--------+------------+-----------------+
; Data Port ; Clock Port ; Rise   ; Fall   ; Clock Edge ; Clock Reference ;
+-----------+------------+--------+--------+------------+-----------------+
; HEX0[*]   ; KEY[0]     ; 12.868 ; 12.868 ; Rise       ; KEY[0]          ;
;  HEX0[0]  ; KEY[0]     ; 12.868 ; 12.868 ; Rise       ; KEY[0]          ;
;  HEX0[1]  ; KEY[0]     ; 11.909 ; 11.909 ; Rise       ; KEY[0]          ;
;  HEX0[2]  ; KEY[0]     ; 12.367 ; 12.367 ; Rise       ; KEY[0]          ;
;  HEX0[3]  ; KEY[0]     ; 11.748 ; 11.748 ; Rise       ; KEY[0]          ;
;  HEX0[4]  ; KEY[0]     ; 11.846 ; 11.846 ; Rise       ; KEY[0]          ;
;  HEX0[5]  ; KEY[0]     ; 12.612 ; 12.612 ; Rise       ; KEY[0]          ;
;  HEX0[6]  ; KEY[0]     ; 12.298 ; 12.298 ; Rise       ; KEY[0]          ;
; HEX1[*]   ; KEY[0]     ; 11.092 ; 11.092 ; Rise       ; KEY[0]          ;
;  HEX1[0]  ; KEY[0]     ; 11.092 ; 11.092 ; Rise       ; KEY[0]          ;
;  HEX1[1]  ; KEY[0]     ; 10.712 ; 10.712 ; Rise       ; KEY[0]          ;
;  HEX1[2]  ; KEY[0]     ; 10.500 ; 10.500 ; Rise       ; KEY[0]          ;
;  HEX1[3]  ; KEY[0]     ; 10.358 ; 10.358 ; Rise       ; KEY[0]          ;
;  HEX1[4]  ; KEY[0]     ; 10.337 ; 10.337 ; Rise       ; KEY[0]          ;
;  HEX1[5]  ; KEY[0]     ; 10.315 ; 10.315 ; Rise       ; KEY[0]          ;
;  HEX1[6]  ; KEY[0]     ; 10.338 ; 10.338 ; Rise       ; KEY[0]          ;
+-----------+------------+--------+--------+------------+-----------------+


+-------------------------------------------------------------------------+
; Minimum Clock to Output Times                                           ;
+-----------+------------+--------+--------+------------+-----------------+
; Data Port ; Clock Port ; Rise   ; Fall   ; Clock Edge ; Clock Reference ;
+-----------+------------+--------+--------+------------+-----------------+
; HEX0[*]   ; KEY[0]     ; 10.309 ; 10.309 ; Rise       ; KEY[0]          ;
;  HEX0[0]  ; KEY[0]     ; 11.267 ; 11.267 ; Rise       ; KEY[0]          ;
;  HEX0[1]  ; KEY[0]     ; 10.309 ; 10.309 ; Rise       ; KEY[0]          ;
;  HEX0[2]  ; KEY[0]     ; 10.807 ; 10.807 ; Rise       ; KEY[0]          ;
;  HEX0[3]  ; KEY[0]     ; 10.444 ; 10.444 ; Rise       ; KEY[0]          ;
;  HEX0[4]  ; KEY[0]     ; 10.312 ; 10.312 ; Rise       ; KEY[0]          ;
;  HEX0[5]  ; KEY[0]     ; 11.011 ; 11.011 ; Rise       ; KEY[0]          ;
;  HEX0[6]  ; KEY[0]     ; 10.813 ; 10.813 ; Rise       ; KEY[0]          ;
; HEX1[*]   ; KEY[0]     ; 8.487  ; 8.487  ; Rise       ; KEY[0]          ;
;  HEX1[0]  ; KEY[0]     ; 9.605  ; 9.605  ; Rise       ; KEY[0]          ;
;  HEX1[1]  ; KEY[0]     ; 8.948  ; 8.948  ; Rise       ; KEY[0]          ;
;  HEX1[2]  ; KEY[0]     ; 8.730  ; 8.730  ; Rise       ; KEY[0]          ;
;  HEX1[3]  ; KEY[0]     ; 8.821  ; 8.821  ; Rise       ; KEY[0]          ;
;  HEX1[4]  ; KEY[0]     ; 8.487  ; 8.487  ; Rise       ; KEY[0]          ;
;  HEX1[5]  ; KEY[0]     ; 8.497  ; 8.497  ; Rise       ; KEY[0]          ;
;  HEX1[6]  ; KEY[0]     ; 8.842  ; 8.842  ; Rise       ; KEY[0]          ;
+-----------+------------+--------+--------+------------+-----------------+


+--------------------------------------------------------------+
; Propagation Delay                                            ;
+------------+-------------+--------+--------+--------+--------+
; Input Port ; Output Port ; RR     ; RF     ; FR     ; FF     ;
+------------+-------------+--------+--------+--------+--------+
; KEY[1]     ; HEX0[0]     ;        ; 12.669 ; 12.669 ;        ;
; KEY[1]     ; HEX0[1]     ;        ; 11.712 ; 11.712 ;        ;
; KEY[1]     ; HEX0[2]     ; 13.065 ; 13.148 ; 13.148 ; 13.065 ;
; KEY[1]     ; HEX0[3]     ; 12.550 ; 12.375 ; 12.375 ; 12.550 ;
; KEY[1]     ; HEX0[4]     ; 11.698 ; 11.698 ; 11.698 ; 11.698 ;
; KEY[1]     ; HEX0[5]     ;        ; 12.414 ; 12.414 ;        ;
; KEY[1]     ; HEX0[6]     ; 13.118 ; 13.118 ; 13.118 ; 13.118 ;
; KEY[1]     ; HEX1[0]     ;        ; 11.912 ; 11.912 ;        ;
; KEY[1]     ; HEX1[1]     ; 11.532 ; 11.532 ; 11.532 ; 11.532 ;
; KEY[1]     ; HEX1[2]     ; 11.320 ; 11.320 ; 11.320 ; 11.320 ;
; KEY[1]     ; HEX1[3]     ; 11.052 ; 11.139 ; 11.139 ; 11.052 ;
; KEY[1]     ; HEX1[4]     ; 11.118 ; 11.118 ; 11.118 ; 11.118 ;
; KEY[1]     ; HEX1[5]     ; 11.096 ; 11.096 ; 11.096 ; 11.096 ;
; KEY[1]     ; HEX1[6]     ; 11.119 ; 11.079 ; 11.079 ; 11.119 ;
; KEY[2]     ; HEX0[0]     ; 14.582 ; 14.582 ; 14.582 ; 14.582 ;
; KEY[2]     ; HEX0[1]     ; 13.769 ; 13.769 ; 13.769 ; 13.769 ;
; KEY[2]     ; HEX0[2]     ; 14.005 ; 14.005 ; 14.005 ; 14.005 ;
; KEY[2]     ; HEX0[3]     ; 13.761 ; 13.761 ; 13.761 ; 13.761 ;
; KEY[2]     ; HEX0[4]     ; 13.826 ; 13.826 ; 13.826 ; 13.826 ;
; KEY[2]     ; HEX0[5]     ; 14.559 ; 14.559 ; 14.559 ; 14.559 ;
; KEY[2]     ; HEX0[6]     ; 14.015 ; 14.015 ; 14.015 ; 14.015 ;
; KEY[2]     ; HEX1[0]     ; 12.509 ; 12.509 ; 12.509 ; 12.509 ;
; KEY[2]     ; HEX1[1]     ; 11.852 ; 11.852 ; 11.852 ; 11.852 ;
; KEY[2]     ; HEX1[2]     ; 11.633 ; 11.633 ; 11.633 ; 11.633 ;
; KEY[2]     ; HEX1[3]     ; 11.722 ; 11.722 ; 11.722 ; 11.722 ;
; KEY[2]     ; HEX1[4]     ; 11.389 ; 11.389 ; 11.389 ; 11.389 ;
; KEY[2]     ; HEX1[5]     ; 11.401 ; 11.401 ; 11.401 ; 11.401 ;
; KEY[2]     ; HEX1[6]     ; 11.744 ; 11.744 ; 11.744 ; 11.744 ;
; SW[0]      ; HEX0[0]     ; 11.489 ; 11.335 ; 11.335 ; 11.489 ;
; SW[0]      ; HEX0[1]     ; 10.530 ; 10.376 ; 10.376 ; 10.530 ;
; SW[0]      ; HEX0[2]     ; 10.982 ; 10.578 ; 10.578 ; 10.982 ;
; SW[0]      ; HEX0[3]     ; 10.358 ; 9.959  ; 9.959  ; 10.358 ;
; SW[0]      ; HEX0[4]     ; 10.388 ; 10.467 ; 10.467 ; 10.388 ;
; SW[0]      ; HEX0[5]     ; 11.233 ; 11.079 ; 11.079 ; 11.233 ;
; SW[0]      ; HEX0[6]     ; 10.917 ; 10.917 ; 10.917 ; 10.917 ;
; SW[0]      ; HEX1[0]     ; 9.711  ; 9.586  ; 9.586  ; 9.711  ;
; SW[0]      ; HEX1[1]     ; 9.331  ; 9.331  ; 9.331  ; 9.331  ;
; SW[0]      ; HEX1[2]     ; 9.119  ; 9.119  ; 9.119  ; 9.119  ;
; SW[0]      ; HEX1[3]     ; 8.973  ; 8.569  ; 8.569  ; 8.973  ;
; SW[0]      ; HEX1[4]     ; 8.952  ; 8.952  ; 8.952  ; 8.952  ;
; SW[0]      ; HEX1[5]     ; 8.930  ; 8.930  ; 8.930  ; 8.930  ;
; SW[0]      ; HEX1[6]     ; 8.549  ; 8.953  ; 8.953  ; 8.549  ;
; SW[1]      ; HEX0[0]     ; 11.440 ; 11.288 ; 11.288 ; 11.440 ;
; SW[1]      ; HEX0[1]     ; 10.481 ; 10.329 ; 10.329 ; 10.481 ;
; SW[1]      ; HEX0[2]     ; 10.933 ; 10.233 ; 10.233 ; 10.933 ;
; SW[1]      ; HEX0[3]     ; 10.309 ; 9.614  ; 9.614  ; 10.309 ;
; SW[1]      ; HEX0[4]     ; 10.341 ; 10.418 ; 10.418 ; 10.341 ;
; SW[1]      ; HEX0[5]     ; 11.184 ; 11.032 ; 11.032 ; 11.184 ;
; SW[1]      ; HEX0[6]     ; 10.868 ; 10.868 ; 10.868 ; 10.868 ;
; SW[1]      ; HEX1[0]     ; 9.662  ; 9.539  ; 9.539  ; 9.662  ;
; SW[1]      ; HEX1[1]     ; 9.282  ; 9.282  ; 9.282  ; 9.282  ;
; SW[1]      ; HEX1[2]     ; 9.070  ; 9.070  ; 9.070  ; 9.070  ;
; SW[1]      ; HEX1[3]     ; 8.924  ; 8.224  ; 8.224  ; 8.924  ;
; SW[1]      ; HEX1[4]     ; 8.903  ; 8.903  ; 8.903  ; 8.903  ;
; SW[1]      ; HEX1[5]     ; 8.881  ; 8.881  ; 8.881  ; 8.881  ;
; SW[1]      ; HEX1[6]     ; 8.204  ; 8.904  ; 8.904  ; 8.204  ;
; SW[2]      ; HEX0[0]     ; 11.539 ; 11.379 ; 11.379 ; 11.539 ;
; SW[2]      ; HEX0[1]     ; 10.580 ; 10.420 ; 10.420 ; 10.580 ;
; SW[2]      ; HEX0[2]     ; 11.032 ; 10.475 ; 10.475 ; 11.032 ;
; SW[2]      ; HEX0[3]     ; 10.408 ; 9.856  ; 9.856  ; 10.408 ;
; SW[2]      ; HEX0[4]     ; 10.432 ; 10.517 ; 10.517 ; 10.432 ;
; SW[2]      ; HEX0[5]     ; 11.283 ; 11.123 ; 11.123 ; 11.283 ;
; SW[2]      ; HEX0[6]     ; 10.967 ; 10.967 ; 10.967 ; 10.967 ;
; SW[2]      ; HEX1[0]     ; 9.761  ; 9.630  ; 9.630  ; 9.761  ;
; SW[2]      ; HEX1[1]     ; 9.381  ; 9.381  ; 9.381  ; 9.381  ;
; SW[2]      ; HEX1[2]     ; 9.169  ; 9.169  ; 9.169  ; 9.169  ;
; SW[2]      ; HEX1[3]     ; 9.023  ; 8.466  ; 8.466  ; 9.023  ;
; SW[2]      ; HEX1[4]     ; 9.002  ; 9.002  ; 9.002  ; 9.002  ;
; SW[2]      ; HEX1[5]     ; 8.980  ; 8.980  ; 8.980  ; 8.980  ;
; SW[2]      ; HEX1[6]     ; 8.446  ; 9.003  ; 9.003  ; 8.446  ;
; SW[3]      ; HEX0[0]     ; 12.209 ; 12.049 ; 12.049 ; 12.209 ;
; SW[3]      ; HEX0[1]     ; 11.250 ; 11.090 ; 11.090 ; 11.250 ;
; SW[3]      ; HEX0[2]     ; 11.702 ; 11.609 ; 11.609 ; 11.702 ;
; SW[3]      ; HEX0[3]     ; 11.078 ; 10.990 ; 10.990 ; 11.078 ;
; SW[3]      ; HEX0[4]     ; 11.102 ; 11.187 ; 11.187 ; 11.102 ;
; SW[3]      ; HEX0[5]     ; 11.953 ; 11.793 ; 11.793 ; 11.953 ;
; SW[3]      ; HEX0[6]     ; 11.637 ; 11.637 ; 11.637 ; 11.637 ;
; SW[3]      ; HEX1[0]     ; 10.431 ; 10.334 ; 10.334 ; 10.431 ;
; SW[3]      ; HEX1[1]     ; 10.051 ; 10.051 ; 10.051 ; 10.051 ;
; SW[3]      ; HEX1[2]     ; 9.839  ; 9.839  ; 9.839  ; 9.839  ;
; SW[3]      ; HEX1[3]     ; 9.693  ; 9.600  ; 9.600  ; 9.693  ;
; SW[3]      ; HEX1[4]     ; 9.672  ; 9.672  ; 9.672  ; 9.672  ;
; SW[3]      ; HEX1[5]     ; 9.650  ; 9.650  ; 9.650  ; 9.650  ;
; SW[3]      ; HEX1[6]     ; 9.580  ; 9.673  ; 9.673  ; 9.580  ;
; SW[4]      ; HEX0[0]     ; 11.879 ; 11.879 ; 11.879 ; 11.879 ;
; SW[4]      ; HEX0[1]     ; 10.921 ; 10.921 ; 10.921 ; 10.921 ;
; SW[4]      ; HEX0[2]     ; 11.829 ; 11.829 ; 11.829 ; 11.829 ;
; SW[4]      ; HEX0[3]     ; 11.210 ; 11.210 ; 11.210 ; 11.210 ;
; SW[4]      ; HEX0[4]     ; 10.924 ; 10.924 ; 10.924 ; 10.924 ;
; SW[4]      ; HEX0[5]     ; 11.623 ; 11.623 ; 11.623 ; 11.623 ;
; SW[4]      ; HEX0[6]     ; 11.760 ; 11.760 ; 11.760 ; 11.760 ;
; SW[4]      ; HEX1[0]     ; 10.554 ; 10.554 ; 10.554 ; 10.554 ;
; SW[4]      ; HEX1[1]     ; 10.174 ; 10.174 ; 10.174 ; 10.174 ;
; SW[4]      ; HEX1[2]     ; 9.962  ; 9.962  ; 9.962  ; 9.962  ;
; SW[4]      ; HEX1[3]     ; 9.820  ; 9.820  ; 9.820  ; 9.820  ;
; SW[4]      ; HEX1[4]     ; 9.799  ; 9.799  ; 9.799  ; 9.799  ;
; SW[4]      ; HEX1[5]     ; 9.777  ; 9.777  ; 9.777  ; 9.777  ;
; SW[4]      ; HEX1[6]     ; 9.800  ; 9.800  ; 9.800  ; 9.800  ;
; SW[5]      ; HEX0[0]     ; 11.914 ; 11.756 ; 11.756 ; 11.914 ;
; SW[5]      ; HEX0[1]     ; 10.955 ; 10.797 ; 10.797 ; 10.955 ;
; SW[5]      ; HEX0[2]     ; 11.586 ; 11.586 ; 11.586 ; 11.586 ;
; SW[5]      ; HEX0[3]     ; 10.967 ; 10.967 ; 10.967 ; 10.967 ;
; SW[5]      ; HEX0[4]     ; 10.809 ; 10.892 ; 10.892 ; 10.809 ;
; SW[5]      ; HEX0[5]     ; 11.658 ; 11.500 ; 11.500 ; 11.658 ;
; SW[5]      ; HEX0[6]     ; 11.517 ; 11.517 ; 11.517 ; 11.517 ;
; SW[5]      ; HEX1[0]     ; 10.311 ; 10.311 ; 10.311 ; 10.311 ;
; SW[5]      ; HEX1[1]     ; 9.931  ; 9.931  ; 9.931  ; 9.931  ;
; SW[5]      ; HEX1[2]     ; 9.719  ; 9.719  ; 9.719  ; 9.719  ;
; SW[5]      ; HEX1[3]     ; 9.577  ; 9.577  ; 9.577  ; 9.577  ;
; SW[5]      ; HEX1[4]     ; 9.556  ; 9.556  ; 9.556  ; 9.556  ;
; SW[5]      ; HEX1[5]     ; 9.534  ; 9.534  ; 9.534  ; 9.534  ;
; SW[5]      ; HEX1[6]     ; 9.557  ; 9.557  ; 9.557  ; 9.557  ;
; SW[6]      ; HEX0[0]     ; 11.487 ; 11.331 ; 11.331 ; 11.487 ;
; SW[6]      ; HEX0[1]     ; 10.528 ; 10.372 ; 10.372 ; 10.528 ;
; SW[6]      ; HEX0[2]     ; 10.980 ; 10.795 ; 10.795 ; 10.980 ;
; SW[6]      ; HEX0[3]     ; 10.356 ; 10.176 ; 10.176 ; 10.356 ;
; SW[6]      ; HEX0[4]     ; 10.384 ; 10.465 ; 10.465 ; 10.384 ;
; SW[6]      ; HEX0[5]     ; 11.231 ; 11.075 ; 11.075 ; 11.231 ;
; SW[6]      ; HEX0[6]     ; 10.915 ; 10.915 ; 10.915 ; 10.915 ;
; SW[6]      ; HEX1[0]     ; 9.709  ; 9.582  ; 9.582  ; 9.709  ;
; SW[6]      ; HEX1[1]     ; 9.329  ; 9.329  ; 9.329  ; 9.329  ;
; SW[6]      ; HEX1[2]     ; 9.117  ; 9.117  ; 9.117  ; 9.117  ;
; SW[6]      ; HEX1[3]     ; 8.971  ; 8.786  ; 8.786  ; 8.971  ;
; SW[6]      ; HEX1[4]     ; 8.950  ; 8.950  ; 8.950  ; 8.950  ;
; SW[6]      ; HEX1[5]     ; 8.928  ; 8.928  ; 8.928  ; 8.928  ;
; SW[6]      ; HEX1[6]     ; 8.766  ; 8.951  ; 8.951  ; 8.766  ;
; SW[7]      ; HEX0[0]     ; 12.008 ; 11.849 ; 11.849 ; 12.008 ;
; SW[7]      ; HEX0[1]     ; 11.049 ; 10.890 ; 10.890 ; 11.049 ;
; SW[7]      ; HEX0[2]     ; 11.501 ; 11.496 ; 11.496 ; 11.501 ;
; SW[7]      ; HEX0[3]     ; 10.877 ; 10.877 ; 10.877 ; 10.877 ;
; SW[7]      ; HEX0[4]     ; 10.902 ; 10.986 ; 10.986 ; 10.902 ;
; SW[7]      ; HEX0[5]     ; 11.752 ; 11.593 ; 11.593 ; 11.752 ;
; SW[7]      ; HEX0[6]     ; 11.436 ; 11.436 ; 11.436 ; 11.436 ;
; SW[7]      ; HEX1[0]     ; 10.230 ; 10.221 ; 10.221 ; 10.230 ;
; SW[7]      ; HEX1[1]     ; 9.850  ; 9.850  ; 9.850  ; 9.850  ;
; SW[7]      ; HEX1[2]     ; 9.638  ; 9.638  ; 9.638  ; 9.638  ;
; SW[7]      ; HEX1[3]     ; 9.492  ; 9.487  ; 9.487  ; 9.492  ;
; SW[7]      ; HEX1[4]     ; 9.471  ; 9.471  ; 9.471  ; 9.471  ;
; SW[7]      ; HEX1[5]     ; 9.449  ; 9.449  ; 9.449  ; 9.449  ;
; SW[7]      ; HEX1[6]     ; 9.467  ; 9.472  ; 9.472  ; 9.467  ;
+------------+-------------+--------+--------+--------+--------+


+--------------------------------------------------------------+
; Minimum Propagation Delay                                    ;
+------------+-------------+--------+--------+--------+--------+
; Input Port ; Output Port ; RR     ; RF     ; FR     ; FF     ;
+------------+-------------+--------+--------+--------+--------+
; KEY[1]     ; HEX0[0]     ;        ; 12.669 ; 12.669 ;        ;
; KEY[1]     ; HEX0[1]     ;        ; 11.712 ; 11.712 ;        ;
; KEY[1]     ; HEX0[2]     ; 13.065 ; 13.148 ; 13.148 ; 13.065 ;
; KEY[1]     ; HEX0[3]     ; 12.550 ; 12.375 ; 12.375 ; 12.550 ;
; KEY[1]     ; HEX0[4]     ; 11.698 ; 11.698 ; 11.698 ; 11.698 ;
; KEY[1]     ; HEX0[5]     ;        ; 12.414 ; 12.414 ;        ;
; KEY[1]     ; HEX0[6]     ; 12.802 ; 13.118 ; 13.118 ; 12.802 ;
; KEY[1]     ; HEX1[0]     ;        ; 11.912 ; 11.912 ;        ;
; KEY[1]     ; HEX1[1]     ; 11.532 ; 11.227 ; 11.227 ; 11.532 ;
; KEY[1]     ; HEX1[2]     ; 11.320 ; 11.000 ; 11.000 ; 11.320 ;
; KEY[1]     ; HEX1[3]     ; 11.052 ; 11.139 ; 11.139 ; 11.052 ;
; KEY[1]     ; HEX1[4]     ; 11.034 ; 11.034 ; 11.034 ; 11.034 ;
; KEY[1]     ; HEX1[5]     ; 11.015 ; 11.015 ; 11.015 ; 11.015 ;
; KEY[1]     ; HEX1[6]     ; 11.119 ; 11.079 ; 11.079 ; 11.119 ;
; KEY[2]     ; HEX0[0]     ; 14.002 ; 14.002 ; 14.002 ; 14.002 ;
; KEY[2]     ; HEX0[1]     ; 13.189 ; 13.189 ; 13.189 ; 13.189 ;
; KEY[2]     ; HEX0[2]     ; 13.429 ; 13.429 ; 13.429 ; 13.429 ;
; KEY[2]     ; HEX0[3]     ; 13.189 ; 13.189 ; 13.189 ; 13.189 ;
; KEY[2]     ; HEX0[4]     ; 13.250 ; 13.250 ; 13.250 ; 13.250 ;
; KEY[2]     ; HEX0[5]     ; 13.979 ; 13.979 ; 13.979 ; 13.979 ;
; KEY[2]     ; HEX0[6]     ; 13.435 ; 13.435 ; 13.435 ; 13.435 ;
; KEY[2]     ; HEX1[0]     ; 12.038 ; 12.038 ; 12.038 ; 12.038 ;
; KEY[2]     ; HEX1[1]     ; 11.385 ; 11.385 ; 11.385 ; 11.385 ;
; KEY[2]     ; HEX1[2]     ; 11.167 ; 11.167 ; 11.167 ; 11.167 ;
; KEY[2]     ; HEX1[3]     ; 11.259 ; 11.259 ; 11.259 ; 11.259 ;
; KEY[2]     ; HEX1[4]     ; 10.925 ; 10.925 ; 10.925 ; 10.925 ;
; KEY[2]     ; HEX1[5]     ; 10.934 ; 10.934 ; 10.934 ; 10.934 ;
; KEY[2]     ; HEX1[6]     ; 11.280 ; 11.280 ; 11.280 ; 11.280 ;
; SW[0]      ; HEX0[0]     ; 10.326 ; 10.326 ; 10.326 ; 10.326 ;
; SW[0]      ; HEX0[1]     ; 9.513  ; 9.513  ; 9.513  ; 9.513  ;
; SW[0]      ; HEX0[2]     ; 10.474 ; 9.753  ; 9.753  ; 10.474 ;
; SW[0]      ; HEX0[3]     ; 9.513  ; 9.513  ; 9.513  ; 9.513  ;
; SW[0]      ; HEX0[4]     ; 9.574  ; 9.673  ; 9.673  ; 9.574  ;
; SW[0]      ; HEX0[5]     ; 10.303 ; 10.372 ; 10.372 ; 10.303 ;
; SW[0]      ; HEX0[6]     ; 9.759  ; 10.211 ; 10.211 ; 9.759  ;
; SW[0]      ; HEX1[0]     ; 9.303  ; 9.303  ; 9.303  ; 9.303  ;
; SW[0]      ; HEX1[1]     ; 8.636  ; 8.636  ; 8.636  ; 8.636  ;
; SW[0]      ; HEX1[2]     ; 8.409  ; 8.409  ; 8.409  ; 8.409  ;
; SW[0]      ; HEX1[3]     ; 8.461  ; 8.461  ; 8.461  ; 8.461  ;
; SW[0]      ; HEX1[4]     ; 8.443  ; 8.443  ; 8.443  ; 8.443  ;
; SW[0]      ; HEX1[5]     ; 8.424  ; 8.424  ; 8.424  ; 8.424  ;
; SW[0]      ; HEX1[6]     ; 8.488  ; 8.488  ; 8.488  ; 8.488  ;
; SW[1]      ; HEX0[0]     ; 10.195 ; 10.195 ; 10.195 ; 10.195 ;
; SW[1]      ; HEX0[1]     ; 9.325  ; 9.325  ; 9.325  ; 9.325  ;
; SW[1]      ; HEX0[2]     ; 9.629  ; 10.129 ; 10.129 ; 9.629  ;
; SW[1]      ; HEX0[3]     ; 9.388  ; 9.388  ; 9.388  ; 9.388  ;
; SW[1]      ; HEX0[4]     ; 9.328  ; 9.328  ; 9.328  ; 9.328  ;
; SW[1]      ; HEX0[5]     ; 10.027 ; 10.027 ; 10.027 ; 10.027 ;
; SW[1]      ; HEX0[6]     ; 9.627  ; 9.627  ; 9.627  ; 9.627  ;
; SW[1]      ; HEX1[0]     ; 8.958  ; 8.958  ; 8.958  ; 8.958  ;
; SW[1]      ; HEX1[1]     ; 8.291  ; 8.291  ; 8.291  ; 8.291  ;
; SW[1]      ; HEX1[2]     ; 8.064  ; 8.064  ; 8.064  ; 8.064  ;
; SW[1]      ; HEX1[3]     ; 8.116  ; 8.116  ; 8.116  ; 8.116  ;
; SW[1]      ; HEX1[4]     ; 8.098  ; 8.098  ; 8.098  ; 8.098  ;
; SW[1]      ; HEX1[5]     ; 8.079  ; 8.079  ; 8.079  ; 8.079  ;
; SW[1]      ; HEX1[6]     ; 8.143  ; 8.143  ; 8.143  ; 8.143  ;
; SW[2]      ; HEX0[0]     ; 10.379 ; 10.379 ; 10.379 ; 10.379 ;
; SW[2]      ; HEX0[1]     ; 9.566  ; 9.567  ; 9.567  ; 9.566  ;
; SW[2]      ; HEX0[2]     ; 9.802  ; 9.802  ; 9.802  ; 9.802  ;
; SW[2]      ; HEX0[3]     ; 9.558  ; 9.558  ; 9.558  ; 9.558  ;
; SW[2]      ; HEX0[4]     ; 9.570  ; 9.570  ; 9.570  ; 9.570  ;
; SW[2]      ; HEX0[5]     ; 10.269 ; 10.269 ; 10.269 ; 10.269 ;
; SW[2]      ; HEX0[6]     ; 9.812  ; 9.812  ; 9.812  ; 9.812  ;
; SW[2]      ; HEX1[0]     ; 9.200  ; 9.200  ; 9.200  ; 9.200  ;
; SW[2]      ; HEX1[1]     ; 8.533  ; 8.533  ; 8.533  ; 8.533  ;
; SW[2]      ; HEX1[2]     ; 8.306  ; 8.306  ; 8.306  ; 8.306  ;
; SW[2]      ; HEX1[3]     ; 8.358  ; 8.358  ; 8.358  ; 8.358  ;
; SW[2]      ; HEX1[4]     ; 8.340  ; 8.340  ; 8.340  ; 8.340  ;
; SW[2]      ; HEX1[5]     ; 8.321  ; 8.321  ; 8.321  ; 8.321  ;
; SW[2]      ; HEX1[6]     ; 8.385  ; 8.385  ; 8.385  ; 8.385  ;
; SW[3]      ; HEX0[0]     ; 11.656 ; 11.656 ; 11.656 ; 11.656 ;
; SW[3]      ; HEX0[1]     ; 10.701 ; 10.701 ; 10.701 ; 10.701 ;
; SW[3]      ; HEX0[2]     ; 11.099 ; 11.099 ; 11.099 ; 11.099 ;
; SW[3]      ; HEX0[3]     ; 10.802 ; 10.836 ; 10.836 ; 10.802 ;
; SW[3]      ; HEX0[4]     ; 10.704 ; 10.704 ; 10.704 ; 10.704 ;
; SW[3]      ; HEX0[5]     ; 11.403 ; 11.403 ; 11.403 ; 11.403 ;
; SW[3]      ; HEX0[6]     ; 11.201 ; 11.089 ; 11.089 ; 11.201 ;
; SW[3]      ; HEX1[0]     ; 10.334 ; 10.300 ; 10.300 ; 10.334 ;
; SW[3]      ; HEX1[1]     ; 9.667  ; 9.626  ; 9.626  ; 9.667  ;
; SW[3]      ; HEX1[2]     ; 9.440  ; 9.399  ; 9.399  ; 9.440  ;
; SW[3]      ; HEX1[3]     ; 9.451  ; 9.492  ; 9.492  ; 9.451  ;
; SW[3]      ; HEX1[4]     ; 9.433  ; 9.433  ; 9.433  ; 9.433  ;
; SW[3]      ; HEX1[5]     ; 9.414  ; 9.414  ; 9.414  ; 9.414  ;
; SW[3]      ; HEX1[6]     ; 9.519  ; 9.478  ; 9.478  ; 9.519  ;
; SW[4]      ; HEX0[0]     ; 11.815 ; 11.661 ; 11.661 ; 11.815 ;
; SW[4]      ; HEX0[1]     ; 10.856 ; 10.702 ; 10.702 ; 10.856 ;
; SW[4]      ; HEX0[2]     ; 11.076 ; 11.725 ; 11.725 ; 11.076 ;
; SW[4]      ; HEX0[3]     ; 10.414 ; 11.056 ; 11.056 ; 10.414 ;
; SW[4]      ; HEX0[4]     ; 10.714 ; 10.793 ; 10.793 ; 10.714 ;
; SW[4]      ; HEX0[5]     ; 11.559 ; 11.405 ; 11.405 ; 11.559 ;
; SW[4]      ; HEX0[6]     ; 10.813 ; 11.118 ; 11.118 ; 10.813 ;
; SW[4]      ; HEX1[0]     ; 9.428  ; 9.428  ; 9.428  ; 9.428  ;
; SW[4]      ; HEX1[1]     ; 8.783  ; 8.783  ; 8.783  ; 8.783  ;
; SW[4]      ; HEX1[2]     ; 9.320  ; 8.561  ; 8.561  ; 9.320  ;
; SW[4]      ; HEX1[3]     ; 8.641  ; 8.641  ; 8.641  ; 8.641  ;
; SW[4]      ; HEX1[4]     ; 8.306  ; 9.045  ; 9.045  ; 8.306  ;
; SW[4]      ; HEX1[5]     ; 8.328  ; 9.026  ; 9.026  ; 8.328  ;
; SW[4]      ; HEX1[6]     ; 8.666  ; 9.090  ; 9.090  ; 8.666  ;
; SW[5]      ; HEX0[0]     ; 11.636 ; 11.636 ; 11.636 ; 11.636 ;
; SW[5]      ; HEX0[1]     ; 10.678 ; 10.678 ; 10.678 ; 10.678 ;
; SW[5]      ; HEX0[2]     ; 11.171 ; 11.482 ; 11.482 ; 11.171 ;
; SW[5]      ; HEX0[3]     ; 10.509 ; 10.813 ; 10.813 ; 10.509 ;
; SW[5]      ; HEX0[4]     ; 10.681 ; 10.681 ; 10.681 ; 10.681 ;
; SW[5]      ; HEX0[5]     ; 11.380 ; 11.380 ; 11.380 ; 11.380 ;
; SW[5]      ; HEX0[6]     ; 10.908 ; 11.213 ; 11.213 ; 10.908 ;
; SW[5]      ; HEX1[0]     ; 9.023  ; 9.023  ; 9.023  ; 9.023  ;
; SW[5]      ; HEX1[1]     ; 8.370  ; 8.370  ; 8.370  ; 8.370  ;
; SW[5]      ; HEX1[2]     ; 8.152  ; 9.106  ; 9.106  ; 8.152  ;
; SW[5]      ; HEX1[3]     ; 8.244  ; 8.244  ; 8.244  ; 8.244  ;
; SW[5]      ; HEX1[4]     ; 9.140  ; 7.910  ; 7.910  ; 9.140  ;
; SW[5]      ; HEX1[5]     ; 7.919  ; 7.919  ; 7.919  ; 7.919  ;
; SW[5]      ; HEX1[6]     ; 8.265  ; 8.265  ; 8.265  ; 8.265  ;
; SW[6]      ; HEX0[0]     ; 10.845 ; 10.845 ; 10.845 ; 10.845 ;
; SW[6]      ; HEX0[1]     ; 9.887  ; 9.887  ; 9.887  ; 9.887  ;
; SW[6]      ; HEX0[2]     ; 10.691 ; 10.691 ; 10.691 ; 10.691 ;
; SW[6]      ; HEX0[3]     ; 10.022 ; 10.022 ; 10.022 ; 10.022 ;
; SW[6]      ; HEX0[4]     ; 9.890  ; 9.890  ; 9.890  ; 9.890  ;
; SW[6]      ; HEX0[5]     ; 10.589 ; 10.589 ; 10.589 ; 10.589 ;
; SW[6]      ; HEX0[6]     ; 10.428 ; 10.428 ; 10.428 ; 10.428 ;
; SW[6]      ; HEX1[0]     ; 8.785  ; 8.785  ; 8.785  ; 8.785  ;
; SW[6]      ; HEX1[1]     ; 8.128  ; 8.128  ; 8.128  ; 8.128  ;
; SW[6]      ; HEX1[2]     ; 7.910  ; 7.910  ; 7.910  ; 7.910  ;
; SW[6]      ; HEX1[3]     ; 8.001  ; 8.001  ; 8.001  ; 8.001  ;
; SW[6]      ; HEX1[4]     ; 8.660  ; 7.667  ; 7.667  ; 8.660  ;
; SW[6]      ; HEX1[5]     ; 7.677  ; 7.677  ; 7.677  ; 7.677  ;
; SW[6]      ; HEX1[6]     ; 8.022  ; 8.022  ; 8.022  ; 8.022  ;
; SW[7]      ; HEX0[0]     ; 11.546 ; 11.546 ; 11.546 ; 11.546 ;
; SW[7]      ; HEX0[1]     ; 10.588 ; 10.588 ; 10.588 ; 10.588 ;
; SW[7]      ; HEX0[2]     ; 11.264 ; 11.392 ; 11.392 ; 11.264 ;
; SW[7]      ; HEX0[3]     ; 10.602 ; 10.723 ; 10.723 ; 10.602 ;
; SW[7]      ; HEX0[4]     ; 10.591 ; 10.591 ; 10.591 ; 10.591 ;
; SW[7]      ; HEX0[5]     ; 11.290 ; 11.290 ; 11.290 ; 11.290 ;
; SW[7]      ; HEX0[6]     ; 11.001 ; 11.129 ; 11.129 ; 11.001 ;
; SW[7]      ; HEX1[0]     ; 9.929  ; 9.929  ; 9.929  ; 9.929  ;
; SW[7]      ; HEX1[1]     ; 9.272  ; 9.272  ; 9.272  ; 9.272  ;
; SW[7]      ; HEX1[2]     ; 9.053  ; 9.053  ; 9.053  ; 9.053  ;
; SW[7]      ; HEX1[3]     ; 9.142  ; 9.142  ; 9.142  ; 9.142  ;
; SW[7]      ; HEX1[4]     ; 9.233  ; 8.809  ; 8.809  ; 9.233  ;
; SW[7]      ; HEX1[5]     ; 8.821  ; 8.821  ; 8.821  ; 8.821  ;
; SW[7]      ; HEX1[6]     ; 9.406  ; 9.164  ; 9.164  ; 9.406  ;
+------------+-------------+--------+--------+--------+--------+


----------------------------
; Fast Model Setup Summary ;
----------------------------
No paths to report.


---------------------------
; Fast Model Hold Summary ;
---------------------------
No paths to report.


-------------------------------
; Fast Model Recovery Summary ;
-------------------------------
No paths to report.


------------------------------
; Fast Model Removal Summary ;
------------------------------
No paths to report.


+----------------------------------------+
; Fast Model Minimum Pulse Width Summary ;
+--------+--------+----------------------+
; Clock  ; Slack  ; End Point TNS        ;
+--------+--------+----------------------+
; KEY[0] ; -1.222 ; -1.222               ;
+--------+--------+----------------------+


+-----------------------------------------------------------------------------------------------------------------------------+
; Fast Model Minimum Pulse Width: 'KEY[0]'                                                                                    ;
+--------+--------------+----------------+------------------+--------+------------+-------------------------------------------+
; Slack  ; Actual Width ; Required Width ; Type             ; Clock  ; Clock Edge ; Target                                    ;
+--------+--------------+----------------+------------------+--------+------------+-------------------------------------------+
; -1.222 ; 1.000        ; 2.222          ; Port Rate        ; KEY[0] ; Rise       ; KEY[0]                                    ;
; 0.500  ; 0.500        ; 0.000          ; High Pulse Width ; KEY[0] ; Rise       ; KEY[0]|combout                            ;
; 0.500  ; 0.500        ; 0.000          ; Low Pulse Width  ; KEY[0] ; Rise       ; KEY[0]|combout                            ;
; 0.500  ; 0.500        ; 0.000          ; High Pulse Width ; KEY[0] ; Rise       ; guess_game:uut|generic_latch:Latcher|q[0] ;
; 0.500  ; 0.500        ; 0.000          ; Low Pulse Width  ; KEY[0] ; Rise       ; guess_game:uut|generic_latch:Latcher|q[0] ;
; 0.500  ; 0.500        ; 0.000          ; High Pulse Width ; KEY[0] ; Rise       ; guess_game:uut|generic_latch:Latcher|q[1] ;
; 0.500  ; 0.500        ; 0.000          ; Low Pulse Width  ; KEY[0] ; Rise       ; guess_game:uut|generic_latch:Latcher|q[1] ;
; 0.500  ; 0.500        ; 0.000          ; High Pulse Width ; KEY[0] ; Rise       ; guess_game:uut|generic_latch:Latcher|q[2] ;
; 0.500  ; 0.500        ; 0.000          ; Low Pulse Width  ; KEY[0] ; Rise       ; guess_game:uut|generic_latch:Latcher|q[2] ;
; 0.500  ; 0.500        ; 0.000          ; High Pulse Width ; KEY[0] ; Rise       ; guess_game:uut|generic_latch:Latcher|q[3] ;
; 0.500  ; 0.500        ; 0.000          ; Low Pulse Width  ; KEY[0] ; Rise       ; guess_game:uut|generic_latch:Latcher|q[3] ;
; 0.500  ; 0.500        ; 0.000          ; High Pulse Width ; KEY[0] ; Rise       ; guess_game:uut|generic_latch:Latcher|q[4] ;
; 0.500  ; 0.500        ; 0.000          ; Low Pulse Width  ; KEY[0] ; Rise       ; guess_game:uut|generic_latch:Latcher|q[4] ;
; 0.500  ; 0.500        ; 0.000          ; High Pulse Width ; KEY[0] ; Rise       ; guess_game:uut|generic_latch:Latcher|q[5] ;
; 0.500  ; 0.500        ; 0.000          ; Low Pulse Width  ; KEY[0] ; Rise       ; guess_game:uut|generic_latch:Latcher|q[5] ;
; 0.500  ; 0.500        ; 0.000          ; High Pulse Width ; KEY[0] ; Rise       ; guess_game:uut|generic_latch:Latcher|q[6] ;
; 0.500  ; 0.500        ; 0.000          ; Low Pulse Width  ; KEY[0] ; Rise       ; guess_game:uut|generic_latch:Latcher|q[6] ;
; 0.500  ; 0.500        ; 0.000          ; High Pulse Width ; KEY[0] ; Rise       ; guess_game:uut|generic_latch:Latcher|q[7] ;
; 0.500  ; 0.500        ; 0.000          ; Low Pulse Width  ; KEY[0] ; Rise       ; guess_game:uut|generic_latch:Latcher|q[7] ;
; 0.500  ; 0.500        ; 0.000          ; High Pulse Width ; KEY[0] ; Rise       ; uut|Latcher|q[0]|datad                    ;
; 0.500  ; 0.500        ; 0.000          ; Low Pulse Width  ; KEY[0] ; Rise       ; uut|Latcher|q[0]|datad                    ;
; 0.500  ; 0.500        ; 0.000          ; High Pulse Width ; KEY[0] ; Rise       ; uut|Latcher|q[1]|datad                    ;
; 0.500  ; 0.500        ; 0.000          ; Low Pulse Width  ; KEY[0] ; Rise       ; uut|Latcher|q[1]|datad                    ;
; 0.500  ; 0.500        ; 0.000          ; High Pulse Width ; KEY[0] ; Rise       ; uut|Latcher|q[2]|datad                    ;
; 0.500  ; 0.500        ; 0.000          ; Low Pulse Width  ; KEY[0] ; Rise       ; uut|Latcher|q[2]|datad                    ;
; 0.500  ; 0.500        ; 0.000          ; High Pulse Width ; KEY[0] ; Rise       ; uut|Latcher|q[3]|datad                    ;
; 0.500  ; 0.500        ; 0.000          ; Low Pulse Width  ; KEY[0] ; Rise       ; uut|Latcher|q[3]|datad                    ;
; 0.500  ; 0.500        ; 0.000          ; High Pulse Width ; KEY[0] ; Rise       ; uut|Latcher|q[4]|datad                    ;
; 0.500  ; 0.500        ; 0.000          ; Low Pulse Width  ; KEY[0] ; Rise       ; uut|Latcher|q[4]|datad                    ;
; 0.500  ; 0.500        ; 0.000          ; High Pulse Width ; KEY[0] ; Rise       ; uut|Latcher|q[5]|datad                    ;
; 0.500  ; 0.500        ; 0.000          ; Low Pulse Width  ; KEY[0] ; Rise       ; uut|Latcher|q[5]|datad                    ;
; 0.500  ; 0.500        ; 0.000          ; High Pulse Width ; KEY[0] ; Rise       ; uut|Latcher|q[6]|datad                    ;
; 0.500  ; 0.500        ; 0.000          ; Low Pulse Width  ; KEY[0] ; Rise       ; uut|Latcher|q[6]|datad                    ;
; 0.500  ; 0.500        ; 0.000          ; High Pulse Width ; KEY[0] ; Rise       ; uut|Latcher|q[7]|datad                    ;
; 0.500  ; 0.500        ; 0.000          ; Low Pulse Width  ; KEY[0] ; Rise       ; uut|Latcher|q[7]|datad                    ;
+--------+--------------+----------------+------------------+--------+------------+-------------------------------------------+


+-----------------------------------------------------------------------+
; Setup Times                                                           ;
+-----------+------------+-------+-------+------------+-----------------+
; Data Port ; Clock Port ; Rise  ; Fall  ; Clock Edge ; Clock Reference ;
+-----------+------------+-------+-------+------------+-----------------+
; SW[*]     ; KEY[0]     ; 0.768 ; 0.768 ; Rise       ; KEY[0]          ;
;  SW[0]    ; KEY[0]     ; 0.115 ; 0.115 ; Rise       ; KEY[0]          ;
;  SW[1]    ; KEY[0]     ; 0.051 ; 0.051 ; Rise       ; KEY[0]          ;
;  SW[2]    ; KEY[0]     ; 0.163 ; 0.163 ; Rise       ; KEY[0]          ;
;  SW[3]    ; KEY[0]     ; 0.502 ; 0.502 ; Rise       ; KEY[0]          ;
;  SW[4]    ; KEY[0]     ; 0.489 ; 0.489 ; Rise       ; KEY[0]          ;
;  SW[5]    ; KEY[0]     ; 0.372 ; 0.372 ; Rise       ; KEY[0]          ;
;  SW[6]    ; KEY[0]     ; 0.303 ; 0.303 ; Rise       ; KEY[0]          ;
;  SW[7]    ; KEY[0]     ; 0.768 ; 0.768 ; Rise       ; KEY[0]          ;
+-----------+------------+-------+-------+------------+-----------------+


+-------------------------------------------------------------------------+
; Hold Times                                                              ;
+-----------+------------+--------+--------+------------+-----------------+
; Data Port ; Clock Port ; Rise   ; Fall   ; Clock Edge ; Clock Reference ;
+-----------+------------+--------+--------+------------+-----------------+
; SW[*]     ; KEY[0]     ; 0.321  ; 0.321  ; Rise       ; KEY[0]          ;
;  SW[0]    ; KEY[0]     ; 0.244  ; 0.244  ; Rise       ; KEY[0]          ;
;  SW[1]    ; KEY[0]     ; 0.321  ; 0.321  ; Rise       ; KEY[0]          ;
;  SW[2]    ; KEY[0]     ; 0.191  ; 0.191  ; Rise       ; KEY[0]          ;
;  SW[3]    ; KEY[0]     ; -0.221 ; -0.221 ; Rise       ; KEY[0]          ;
;  SW[4]    ; KEY[0]     ; -0.138 ; -0.138 ; Rise       ; KEY[0]          ;
;  SW[5]    ; KEY[0]     ; -0.094 ; -0.094 ; Rise       ; KEY[0]          ;
;  SW[6]    ; KEY[0]     ; 0.069  ; 0.069  ; Rise       ; KEY[0]          ;
;  SW[7]    ; KEY[0]     ; -0.409 ; -0.409 ; Rise       ; KEY[0]          ;
+-----------+------------+--------+--------+------------+-----------------+


+-----------------------------------------------------------------------+
; Clock to Output Times                                                 ;
+-----------+------------+-------+-------+------------+-----------------+
; Data Port ; Clock Port ; Rise  ; Fall  ; Clock Edge ; Clock Reference ;
+-----------+------------+-------+-------+------------+-----------------+
; HEX0[*]   ; KEY[0]     ; 6.254 ; 6.254 ; Rise       ; KEY[0]          ;
;  HEX0[0]  ; KEY[0]     ; 6.254 ; 6.254 ; Rise       ; KEY[0]          ;
;  HEX0[1]  ; KEY[0]     ; 5.877 ; 5.877 ; Rise       ; KEY[0]          ;
;  HEX0[2]  ; KEY[0]     ; 6.071 ; 6.071 ; Rise       ; KEY[0]          ;
;  HEX0[3]  ; KEY[0]     ; 5.823 ; 5.823 ; Rise       ; KEY[0]          ;
;  HEX0[4]  ; KEY[0]     ; 5.869 ; 5.869 ; Rise       ; KEY[0]          ;
;  HEX0[5]  ; KEY[0]     ; 6.130 ; 6.130 ; Rise       ; KEY[0]          ;
;  HEX0[6]  ; KEY[0]     ; 6.017 ; 6.017 ; Rise       ; KEY[0]          ;
; HEX1[*]   ; KEY[0]     ; 5.444 ; 5.444 ; Rise       ; KEY[0]          ;
;  HEX1[0]  ; KEY[0]     ; 5.444 ; 5.444 ; Rise       ; KEY[0]          ;
;  HEX1[1]  ; KEY[0]     ; 5.252 ; 5.252 ; Rise       ; KEY[0]          ;
;  HEX1[2]  ; KEY[0]     ; 5.098 ; 5.098 ; Rise       ; KEY[0]          ;
;  HEX1[3]  ; KEY[0]     ; 5.056 ; 5.056 ; Rise       ; KEY[0]          ;
;  HEX1[4]  ; KEY[0]     ; 5.059 ; 5.059 ; Rise       ; KEY[0]          ;
;  HEX1[5]  ; KEY[0]     ; 5.038 ; 5.038 ; Rise       ; KEY[0]          ;
;  HEX1[6]  ; KEY[0]     ; 5.078 ; 5.078 ; Rise       ; KEY[0]          ;
+-----------+------------+-------+-------+------------+-----------------+


+-----------------------------------------------------------------------+
; Minimum Clock to Output Times                                         ;
+-----------+------------+-------+-------+------------+-----------------+
; Data Port ; Clock Port ; Rise  ; Fall  ; Clock Edge ; Clock Reference ;
+-----------+------------+-------+-------+------------+-----------------+
; HEX0[*]   ; KEY[0]     ; 5.202 ; 5.202 ; Rise       ; KEY[0]          ;
;  HEX0[0]  ; KEY[0]     ; 5.579 ; 5.579 ; Rise       ; KEY[0]          ;
;  HEX0[1]  ; KEY[0]     ; 5.202 ; 5.202 ; Rise       ; KEY[0]          ;
;  HEX0[2]  ; KEY[0]     ; 5.407 ; 5.407 ; Rise       ; KEY[0]          ;
;  HEX0[3]  ; KEY[0]     ; 5.274 ; 5.274 ; Rise       ; KEY[0]          ;
;  HEX0[4]  ; KEY[0]     ; 5.214 ; 5.214 ; Rise       ; KEY[0]          ;
;  HEX0[5]  ; KEY[0]     ; 5.455 ; 5.455 ; Rise       ; KEY[0]          ;
;  HEX0[6]  ; KEY[0]     ; 5.407 ; 5.407 ; Rise       ; KEY[0]          ;
; HEX1[*]   ; KEY[0]     ; 4.239 ; 4.239 ; Rise       ; KEY[0]          ;
;  HEX1[0]  ; KEY[0]     ; 4.797 ; 4.797 ; Rise       ; KEY[0]          ;
;  HEX1[1]  ; KEY[0]     ; 4.492 ; 4.492 ; Rise       ; KEY[0]          ;
;  HEX1[2]  ; KEY[0]     ; 4.331 ; 4.331 ; Rise       ; KEY[0]          ;
;  HEX1[3]  ; KEY[0]     ; 4.373 ; 4.373 ; Rise       ; KEY[0]          ;
;  HEX1[4]  ; KEY[0]     ; 4.239 ; 4.239 ; Rise       ; KEY[0]          ;
;  HEX1[5]  ; KEY[0]     ; 4.239 ; 4.239 ; Rise       ; KEY[0]          ;
;  HEX1[6]  ; KEY[0]     ; 4.397 ; 4.397 ; Rise       ; KEY[0]          ;
+-----------+------------+-------+-------+------------+-----------------+


+----------------------------------------------------------+
; Propagation Delay                                        ;
+------------+-------------+-------+-------+-------+-------+
; Input Port ; Output Port ; RR    ; RF    ; FR    ; FF    ;
+------------+-------------+-------+-------+-------+-------+
; KEY[1]     ; HEX0[0]     ;       ; 6.864 ; 6.864 ;       ;
; KEY[1]     ; HEX0[1]     ;       ; 6.488 ; 6.488 ;       ;
; KEY[1]     ; HEX0[2]     ; 7.062 ; 7.107 ; 7.107 ; 7.062 ;
; KEY[1]     ; HEX0[3]     ; 6.853 ; 6.797 ; 6.797 ; 6.853 ;
; KEY[1]     ; HEX0[4]     ; 6.483 ; 6.483 ; 6.483 ; 6.483 ;
; KEY[1]     ; HEX0[5]     ;       ; 6.741 ; 6.741 ;       ;
; KEY[1]     ; HEX0[6]     ; 7.057 ; 7.057 ; 7.057 ; 7.057 ;
; KEY[1]     ; HEX1[0]     ;       ; 6.484 ; 6.484 ;       ;
; KEY[1]     ; HEX1[1]     ; 6.292 ; 6.292 ; 6.292 ; 6.292 ;
; KEY[1]     ; HEX1[2]     ; 6.138 ; 6.138 ; 6.138 ; 6.138 ;
; KEY[1]     ; HEX1[3]     ; 6.038 ; 6.092 ; 6.092 ; 6.038 ;
; KEY[1]     ; HEX1[4]     ; 6.095 ; 6.095 ; 6.095 ; 6.095 ;
; KEY[1]     ; HEX1[5]     ; 6.074 ; 6.074 ; 6.074 ; 6.074 ;
; KEY[1]     ; HEX1[6]     ; 6.114 ; 6.064 ; 6.064 ; 6.114 ;
; KEY[2]     ; HEX0[0]     ; 7.687 ; 7.687 ; 7.687 ; 7.687 ;
; KEY[2]     ; HEX0[1]     ; 7.383 ; 7.383 ; 7.383 ; 7.383 ;
; KEY[2]     ; HEX0[2]     ; 7.458 ; 7.458 ; 7.458 ; 7.458 ;
; KEY[2]     ; HEX0[3]     ; 7.371 ; 7.371 ; 7.371 ; 7.371 ;
; KEY[2]     ; HEX0[4]     ; 7.396 ; 7.396 ; 7.396 ; 7.396 ;
; KEY[2]     ; HEX0[5]     ; 7.675 ; 7.675 ; 7.675 ; 7.675 ;
; KEY[2]     ; HEX0[6]     ; 7.452 ; 7.452 ; 7.452 ; 7.452 ;
; KEY[2]     ; HEX1[0]     ; 6.705 ; 6.705 ; 6.705 ; 6.705 ;
; KEY[2]     ; HEX1[1]     ; 6.400 ; 6.400 ; 6.400 ; 6.400 ;
; KEY[2]     ; HEX1[2]     ; 6.240 ; 6.240 ; 6.240 ; 6.240 ;
; KEY[2]     ; HEX1[3]     ; 6.281 ; 6.281 ; 6.281 ; 6.281 ;
; KEY[2]     ; HEX1[4]     ; 6.147 ; 6.147 ; 6.147 ; 6.147 ;
; KEY[2]     ; HEX1[5]     ; 6.148 ; 6.148 ; 6.148 ; 6.148 ;
; KEY[2]     ; HEX1[6]     ; 6.305 ; 6.305 ; 6.305 ; 6.305 ;
; SW[0]      ; HEX0[0]     ; 5.586 ; 5.519 ; 5.519 ; 5.586 ;
; SW[0]      ; HEX0[1]     ; 5.209 ; 5.142 ; 5.142 ; 5.209 ;
; SW[0]      ; HEX0[2]     ; 5.403 ; 5.226 ; 5.226 ; 5.403 ;
; SW[0]      ; HEX0[3]     ; 5.152 ; 4.988 ; 4.988 ; 5.152 ;
; SW[0]      ; HEX0[4]     ; 5.135 ; 5.201 ; 5.201 ; 5.135 ;
; SW[0]      ; HEX0[5]     ; 5.462 ; 5.395 ; 5.395 ; 5.462 ;
; SW[0]      ; HEX0[6]     ; 5.349 ; 5.349 ; 5.349 ; 5.349 ;
; SW[0]      ; HEX1[0]     ; 4.776 ; 4.707 ; 4.707 ; 4.776 ;
; SW[0]      ; HEX1[1]     ; 4.584 ; 4.584 ; 4.584 ; 4.584 ;
; SW[0]      ; HEX1[2]     ; 4.430 ; 4.430 ; 4.430 ; 4.430 ;
; SW[0]      ; HEX1[3]     ; 4.388 ; 4.211 ; 4.211 ; 4.388 ;
; SW[0]      ; HEX1[4]     ; 4.391 ; 4.391 ; 4.391 ; 4.391 ;
; SW[0]      ; HEX1[5]     ; 4.370 ; 4.370 ; 4.370 ; 4.370 ;
; SW[0]      ; HEX1[6]     ; 4.233 ; 4.410 ; 4.410 ; 4.233 ;
; SW[1]      ; HEX0[0]     ; 5.565 ; 5.502 ; 5.502 ; 5.565 ;
; SW[1]      ; HEX0[1]     ; 5.188 ; 5.125 ; 5.125 ; 5.188 ;
; SW[1]      ; HEX0[2]     ; 5.382 ; 5.076 ; 5.076 ; 5.382 ;
; SW[1]      ; HEX0[3]     ; 5.131 ; 4.838 ; 4.838 ; 5.131 ;
; SW[1]      ; HEX0[4]     ; 5.118 ; 5.180 ; 5.180 ; 5.118 ;
; SW[1]      ; HEX0[5]     ; 5.441 ; 5.378 ; 5.378 ; 5.441 ;
; SW[1]      ; HEX0[6]     ; 5.328 ; 5.328 ; 5.328 ; 5.328 ;
; SW[1]      ; HEX1[0]     ; 4.755 ; 4.690 ; 4.690 ; 4.755 ;
; SW[1]      ; HEX1[1]     ; 4.563 ; 4.563 ; 4.563 ; 4.563 ;
; SW[1]      ; HEX1[2]     ; 4.409 ; 4.409 ; 4.409 ; 4.409 ;
; SW[1]      ; HEX1[3]     ; 4.367 ; 4.061 ; 4.061 ; 4.367 ;
; SW[1]      ; HEX1[4]     ; 4.370 ; 4.370 ; 4.370 ; 4.370 ;
; SW[1]      ; HEX1[5]     ; 4.349 ; 4.349 ; 4.349 ; 4.349 ;
; SW[1]      ; HEX1[6]     ; 4.083 ; 4.389 ; 4.389 ; 4.083 ;
; SW[2]      ; HEX0[0]     ; 5.649 ; 5.576 ; 5.576 ; 5.649 ;
; SW[2]      ; HEX0[1]     ; 5.272 ; 5.199 ; 5.199 ; 5.272 ;
; SW[2]      ; HEX0[2]     ; 5.466 ; 5.207 ; 5.207 ; 5.466 ;
; SW[2]      ; HEX0[3]     ; 5.215 ; 4.969 ; 4.969 ; 5.215 ;
; SW[2]      ; HEX0[4]     ; 5.192 ; 5.264 ; 5.264 ; 5.192 ;
; SW[2]      ; HEX0[5]     ; 5.525 ; 5.452 ; 5.452 ; 5.525 ;
; SW[2]      ; HEX0[6]     ; 5.412 ; 5.412 ; 5.412 ; 5.412 ;
; SW[2]      ; HEX1[0]     ; 4.839 ; 4.764 ; 4.764 ; 4.839 ;
; SW[2]      ; HEX1[1]     ; 4.647 ; 4.647 ; 4.647 ; 4.647 ;
; SW[2]      ; HEX1[2]     ; 4.493 ; 4.493 ; 4.493 ; 4.493 ;
; SW[2]      ; HEX1[3]     ; 4.451 ; 4.192 ; 4.192 ; 4.451 ;
; SW[2]      ; HEX1[4]     ; 4.454 ; 4.454 ; 4.454 ; 4.454 ;
; SW[2]      ; HEX1[5]     ; 4.433 ; 4.433 ; 4.433 ; 4.433 ;
; SW[2]      ; HEX1[6]     ; 4.214 ; 4.473 ; 4.473 ; 4.214 ;
; SW[3]      ; HEX0[0]     ; 5.979 ; 5.905 ; 5.905 ; 5.979 ;
; SW[3]      ; HEX0[1]     ; 5.602 ; 5.528 ; 5.528 ; 5.602 ;
; SW[3]      ; HEX0[2]     ; 5.796 ; 5.758 ; 5.758 ; 5.796 ;
; SW[3]      ; HEX0[3]     ; 5.545 ; 5.520 ; 5.520 ; 5.545 ;
; SW[3]      ; HEX0[4]     ; 5.521 ; 5.594 ; 5.594 ; 5.521 ;
; SW[3]      ; HEX0[5]     ; 5.855 ; 5.781 ; 5.781 ; 5.855 ;
; SW[3]      ; HEX0[6]     ; 5.742 ; 5.742 ; 5.742 ; 5.742 ;
; SW[3]      ; HEX1[0]     ; 5.169 ; 5.136 ; 5.136 ; 5.169 ;
; SW[3]      ; HEX1[1]     ; 4.977 ; 4.977 ; 4.977 ; 4.977 ;
; SW[3]      ; HEX1[2]     ; 4.823 ; 4.823 ; 4.823 ; 4.823 ;
; SW[3]      ; HEX1[3]     ; 4.781 ; 4.743 ; 4.743 ; 4.781 ;
; SW[3]      ; HEX1[4]     ; 4.784 ; 4.784 ; 4.784 ; 4.784 ;
; SW[3]      ; HEX1[5]     ; 4.763 ; 4.763 ; 4.763 ; 4.763 ;
; SW[3]      ; HEX1[6]     ; 4.765 ; 4.803 ; 4.803 ; 4.765 ;
; SW[4]      ; HEX0[0]     ; 5.822 ; 5.822 ; 5.822 ; 5.822 ;
; SW[4]      ; HEX0[1]     ; 5.445 ; 5.445 ; 5.445 ; 5.445 ;
; SW[4]      ; HEX0[2]     ; 5.827 ; 5.827 ; 5.827 ; 5.827 ;
; SW[4]      ; HEX0[3]     ; 5.589 ; 5.589 ; 5.589 ; 5.589 ;
; SW[4]      ; HEX0[4]     ; 5.457 ; 5.457 ; 5.457 ; 5.457 ;
; SW[4]      ; HEX0[5]     ; 5.698 ; 5.698 ; 5.698 ; 5.698 ;
; SW[4]      ; HEX0[6]     ; 5.778 ; 5.778 ; 5.778 ; 5.778 ;
; SW[4]      ; HEX1[0]     ; 5.205 ; 5.205 ; 5.205 ; 5.205 ;
; SW[4]      ; HEX1[1]     ; 5.013 ; 5.013 ; 5.013 ; 5.013 ;
; SW[4]      ; HEX1[2]     ; 4.859 ; 4.859 ; 4.859 ; 4.859 ;
; SW[4]      ; HEX1[3]     ; 4.812 ; 4.812 ; 4.812 ; 4.812 ;
; SW[4]      ; HEX1[4]     ; 4.815 ; 4.815 ; 4.815 ; 4.815 ;
; SW[4]      ; HEX1[5]     ; 4.794 ; 4.794 ; 4.794 ; 4.794 ;
; SW[4]      ; HEX1[6]     ; 4.834 ; 4.834 ; 4.834 ; 4.834 ;
; SW[5]      ; HEX0[0]     ; 5.807 ; 5.736 ; 5.736 ; 5.807 ;
; SW[5]      ; HEX0[1]     ; 5.430 ; 5.359 ; 5.359 ; 5.430 ;
; SW[5]      ; HEX0[2]     ; 5.703 ; 5.703 ; 5.703 ; 5.703 ;
; SW[5]      ; HEX0[3]     ; 5.465 ; 5.465 ; 5.465 ; 5.465 ;
; SW[5]      ; HEX0[4]     ; 5.352 ; 5.422 ; 5.422 ; 5.352 ;
; SW[5]      ; HEX0[5]     ; 5.683 ; 5.612 ; 5.612 ; 5.683 ;
; SW[5]      ; HEX0[6]     ; 5.654 ; 5.654 ; 5.654 ; 5.654 ;
; SW[5]      ; HEX1[0]     ; 5.081 ; 5.081 ; 5.081 ; 5.081 ;
; SW[5]      ; HEX1[1]     ; 4.889 ; 4.889 ; 4.889 ; 4.889 ;
; SW[5]      ; HEX1[2]     ; 4.735 ; 4.735 ; 4.735 ; 4.735 ;
; SW[5]      ; HEX1[3]     ; 4.688 ; 4.688 ; 4.688 ; 4.688 ;
; SW[5]      ; HEX1[4]     ; 4.691 ; 4.691 ; 4.691 ; 4.691 ;
; SW[5]      ; HEX1[5]     ; 4.670 ; 4.670 ; 4.670 ; 4.670 ;
; SW[5]      ; HEX1[6]     ; 4.710 ; 4.710 ; 4.710 ; 4.710 ;
; SW[6]      ; HEX0[0]     ; 5.615 ; 5.546 ; 5.546 ; 5.615 ;
; SW[6]      ; HEX0[1]     ; 5.238 ; 5.169 ; 5.169 ; 5.238 ;
; SW[6]      ; HEX0[2]     ; 5.432 ; 5.374 ; 5.374 ; 5.432 ;
; SW[6]      ; HEX0[3]     ; 5.181 ; 5.136 ; 5.136 ; 5.181 ;
; SW[6]      ; HEX0[4]     ; 5.162 ; 5.230 ; 5.230 ; 5.162 ;
; SW[6]      ; HEX0[5]     ; 5.491 ; 5.422 ; 5.422 ; 5.491 ;
; SW[6]      ; HEX0[6]     ; 5.378 ; 5.378 ; 5.378 ; 5.378 ;
; SW[6]      ; HEX1[0]     ; 4.805 ; 4.752 ; 4.752 ; 4.805 ;
; SW[6]      ; HEX1[1]     ; 4.613 ; 4.613 ; 4.613 ; 4.613 ;
; SW[6]      ; HEX1[2]     ; 4.459 ; 4.459 ; 4.459 ; 4.459 ;
; SW[6]      ; HEX1[3]     ; 4.417 ; 4.359 ; 4.359 ; 4.417 ;
; SW[6]      ; HEX1[4]     ; 4.420 ; 4.420 ; 4.420 ; 4.420 ;
; SW[6]      ; HEX1[5]     ; 4.399 ; 4.399 ; 4.399 ; 4.399 ;
; SW[6]      ; HEX1[6]     ; 4.381 ; 4.439 ; 4.439 ; 4.381 ;
; SW[7]      ; HEX0[0]     ; 5.997 ; 5.928 ; 5.928 ; 5.997 ;
; SW[7]      ; HEX0[1]     ; 5.620 ; 5.551 ; 5.551 ; 5.620 ;
; SW[7]      ; HEX0[2]     ; 5.814 ; 5.809 ; 5.809 ; 5.814 ;
; SW[7]      ; HEX0[3]     ; 5.571 ; 5.571 ; 5.571 ; 5.571 ;
; SW[7]      ; HEX0[4]     ; 5.544 ; 5.612 ; 5.612 ; 5.544 ;
; SW[7]      ; HEX0[5]     ; 5.873 ; 5.804 ; 5.804 ; 5.873 ;
; SW[7]      ; HEX0[6]     ; 5.760 ; 5.760 ; 5.760 ; 5.760 ;
; SW[7]      ; HEX1[0]     ; 5.187 ; 5.187 ; 5.187 ; 5.187 ;
; SW[7]      ; HEX1[1]     ; 4.995 ; 4.995 ; 4.995 ; 4.995 ;
; SW[7]      ; HEX1[2]     ; 4.841 ; 4.841 ; 4.841 ; 4.841 ;
; SW[7]      ; HEX1[3]     ; 4.799 ; 4.794 ; 4.794 ; 4.799 ;
; SW[7]      ; HEX1[4]     ; 4.802 ; 4.802 ; 4.802 ; 4.802 ;
; SW[7]      ; HEX1[5]     ; 4.781 ; 4.781 ; 4.781 ; 4.781 ;
; SW[7]      ; HEX1[6]     ; 4.816 ; 4.821 ; 4.821 ; 4.816 ;
+------------+-------------+-------+-------+-------+-------+


+----------------------------------------------------------+
; Minimum Propagation Delay                                ;
+------------+-------------+-------+-------+-------+-------+
; Input Port ; Output Port ; RR    ; RF    ; FR    ; FF    ;
+------------+-------------+-------+-------+-------+-------+
; KEY[1]     ; HEX0[0]     ;       ; 6.864 ; 6.864 ;       ;
; KEY[1]     ; HEX0[1]     ;       ; 6.488 ; 6.488 ;       ;
; KEY[1]     ; HEX0[2]     ; 7.062 ; 7.107 ; 7.107 ; 7.062 ;
; KEY[1]     ; HEX0[3]     ; 6.853 ; 6.797 ; 6.797 ; 6.853 ;
; KEY[1]     ; HEX0[4]     ; 6.483 ; 6.483 ; 6.483 ; 6.483 ;
; KEY[1]     ; HEX0[5]     ;       ; 6.741 ; 6.741 ;       ;
; KEY[1]     ; HEX0[6]     ; 6.932 ; 7.057 ; 7.057 ; 6.932 ;
; KEY[1]     ; HEX1[0]     ;       ; 6.484 ; 6.484 ;       ;
; KEY[1]     ; HEX1[1]     ; 6.292 ; 6.175 ; 6.175 ; 6.292 ;
; KEY[1]     ; HEX1[2]     ; 6.138 ; 6.009 ; 6.009 ; 6.138 ;
; KEY[1]     ; HEX1[3]     ; 6.038 ; 6.092 ; 6.092 ; 6.038 ;
; KEY[1]     ; HEX1[4]     ; 6.037 ; 6.037 ; 6.037 ; 6.037 ;
; KEY[1]     ; HEX1[5]     ; 6.020 ; 6.020 ; 6.020 ; 6.020 ;
; KEY[1]     ; HEX1[6]     ; 6.114 ; 6.064 ; 6.064 ; 6.114 ;
; KEY[2]     ; HEX0[0]     ; 7.431 ; 7.431 ; 7.431 ; 7.431 ;
; KEY[2]     ; HEX0[1]     ; 7.124 ; 7.124 ; 7.124 ; 7.124 ;
; KEY[2]     ; HEX0[2]     ; 7.196 ; 7.196 ; 7.196 ; 7.196 ;
; KEY[2]     ; HEX0[3]     ; 7.114 ; 7.114 ; 7.114 ; 7.114 ;
; KEY[2]     ; HEX0[4]     ; 7.140 ; 7.140 ; 7.140 ; 7.140 ;
; KEY[2]     ; HEX0[5]     ; 7.419 ; 7.419 ; 7.419 ; 7.419 ;
; KEY[2]     ; HEX0[6]     ; 7.196 ; 7.196 ; 7.196 ; 7.196 ;
; KEY[2]     ; HEX1[0]     ; 6.496 ; 6.496 ; 6.496 ; 6.496 ;
; KEY[2]     ; HEX1[1]     ; 6.190 ; 6.190 ; 6.190 ; 6.190 ;
; KEY[2]     ; HEX1[2]     ; 6.029 ; 6.029 ; 6.029 ; 6.029 ;
; KEY[2]     ; HEX1[3]     ; 6.072 ; 6.072 ; 6.072 ; 6.072 ;
; KEY[2]     ; HEX1[4]     ; 5.938 ; 5.938 ; 5.938 ; 5.938 ;
; KEY[2]     ; HEX1[5]     ; 5.938 ; 5.938 ; 5.938 ; 5.938 ;
; KEY[2]     ; HEX1[6]     ; 6.096 ; 6.096 ; 6.096 ; 6.096 ;
; SW[0]      ; HEX0[0]     ; 5.106 ; 5.106 ; 5.106 ; 5.106 ;
; SW[0]      ; HEX0[1]     ; 4.799 ; 4.799 ; 4.799 ; 4.799 ;
; SW[0]      ; HEX0[2]     ; 5.197 ; 4.871 ; 4.871 ; 5.197 ;
; SW[0]      ; HEX0[3]     ; 4.789 ; 4.789 ; 4.789 ; 4.789 ;
; SW[0]      ; HEX0[4]     ; 4.815 ; 4.856 ; 4.856 ; 4.815 ;
; SW[0]      ; HEX0[5]     ; 5.094 ; 5.097 ; 5.097 ; 5.094 ;
; SW[0]      ; HEX0[6]     ; 4.871 ; 5.067 ; 5.067 ; 4.871 ;
; SW[0]      ; HEX1[0]     ; 4.604 ; 4.604 ; 4.604 ; 4.604 ;
; SW[0]      ; HEX1[1]     ; 4.310 ; 4.310 ; 4.310 ; 4.310 ;
; SW[0]      ; HEX1[2]     ; 4.144 ; 4.144 ; 4.144 ; 4.144 ;
; SW[0]      ; HEX1[3]     ; 4.173 ; 4.173 ; 4.173 ; 4.173 ;
; SW[0]      ; HEX1[4]     ; 4.172 ; 4.172 ; 4.172 ; 4.172 ;
; SW[0]      ; HEX1[5]     ; 4.155 ; 4.155 ; 4.155 ; 4.155 ;
; SW[0]      ; HEX1[6]     ; 4.199 ; 4.199 ; 4.199 ; 4.199 ;
; SW[1]      ; HEX0[0]     ; 5.042 ; 5.042 ; 5.042 ; 5.042 ;
; SW[1]      ; HEX0[1]     ; 4.694 ; 4.694 ; 4.694 ; 4.694 ;
; SW[1]      ; HEX0[2]     ; 4.815 ; 5.047 ; 5.047 ; 4.815 ;
; SW[1]      ; HEX0[3]     ; 4.732 ; 4.732 ; 4.732 ; 4.732 ;
; SW[1]      ; HEX0[4]     ; 4.706 ; 4.706 ; 4.706 ; 4.706 ;
; SW[1]      ; HEX0[5]     ; 4.947 ; 4.947 ; 4.947 ; 4.947 ;
; SW[1]      ; HEX0[6]     ; 4.807 ; 4.807 ; 4.807 ; 4.807 ;
; SW[1]      ; HEX1[0]     ; 4.454 ; 4.454 ; 4.454 ; 4.454 ;
; SW[1]      ; HEX1[1]     ; 4.160 ; 4.160 ; 4.160 ; 4.160 ;
; SW[1]      ; HEX1[2]     ; 3.994 ; 3.994 ; 3.994 ; 3.994 ;
; SW[1]      ; HEX1[3]     ; 4.023 ; 4.023 ; 4.023 ; 4.023 ;
; SW[1]      ; HEX1[4]     ; 4.022 ; 4.022 ; 4.022 ; 4.022 ;
; SW[1]      ; HEX1[5]     ; 4.005 ; 4.005 ; 4.005 ; 4.005 ;
; SW[1]      ; HEX1[6]     ; 4.049 ; 4.049 ; 4.049 ; 4.049 ;
; SW[2]      ; HEX0[0]     ; 5.155 ; 5.155 ; 5.155 ; 5.155 ;
; SW[2]      ; HEX0[1]     ; 4.825 ; 4.825 ; 4.825 ; 4.825 ;
; SW[2]      ; HEX0[2]     ; 4.926 ; 4.926 ; 4.926 ; 4.926 ;
; SW[2]      ; HEX0[3]     ; 4.839 ; 4.839 ; 4.839 ; 4.839 ;
; SW[2]      ; HEX0[4]     ; 4.837 ; 4.837 ; 4.837 ; 4.837 ;
; SW[2]      ; HEX0[5]     ; 5.078 ; 5.078 ; 5.078 ; 5.078 ;
; SW[2]      ; HEX0[6]     ; 4.920 ; 4.920 ; 4.920 ; 4.920 ;
; SW[2]      ; HEX1[0]     ; 4.585 ; 4.585 ; 4.585 ; 4.585 ;
; SW[2]      ; HEX1[1]     ; 4.291 ; 4.291 ; 4.291 ; 4.291 ;
; SW[2]      ; HEX1[2]     ; 4.125 ; 4.125 ; 4.125 ; 4.125 ;
; SW[2]      ; HEX1[3]     ; 4.154 ; 4.154 ; 4.154 ; 4.154 ;
; SW[2]      ; HEX1[4]     ; 4.153 ; 4.153 ; 4.153 ; 4.153 ;
; SW[2]      ; HEX1[5]     ; 4.136 ; 4.136 ; 4.136 ; 4.136 ;
; SW[2]      ; HEX1[6]     ; 4.180 ; 4.180 ; 4.180 ; 4.180 ;
; SW[3]      ; HEX0[0]     ; 5.753 ; 5.753 ; 5.753 ; 5.753 ;
; SW[3]      ; HEX0[1]     ; 5.376 ; 5.376 ; 5.376 ; 5.376 ;
; SW[3]      ; HEX0[2]     ; 5.539 ; 5.539 ; 5.539 ; 5.539 ;
; SW[3]      ; HEX0[3]     ; 5.405 ; 5.448 ; 5.448 ; 5.405 ;
; SW[3]      ; HEX0[4]     ; 5.388 ; 5.388 ; 5.388 ; 5.388 ;
; SW[3]      ; HEX0[5]     ; 5.629 ; 5.629 ; 5.629 ; 5.629 ;
; SW[3]      ; HEX0[6]     ; 5.551 ; 5.516 ; 5.516 ; 5.551 ;
; SW[3]      ; HEX1[0]     ; 5.136 ; 5.093 ; 5.093 ; 5.136 ;
; SW[3]      ; HEX1[1]     ; 4.842 ; 4.794 ; 4.794 ; 4.842 ;
; SW[3]      ; HEX1[2]     ; 4.676 ; 4.628 ; 4.628 ; 4.676 ;
; SW[3]      ; HEX1[3]     ; 4.657 ; 4.705 ; 4.705 ; 4.657 ;
; SW[3]      ; HEX1[4]     ; 4.656 ; 4.656 ; 4.656 ; 4.656 ;
; SW[3]      ; HEX1[5]     ; 4.639 ; 4.639 ; 4.639 ; 4.639 ;
; SW[3]      ; HEX1[6]     ; 4.731 ; 4.683 ; 4.683 ; 4.731 ;
; SW[4]      ; HEX0[0]     ; 5.797 ; 5.728 ; 5.728 ; 5.797 ;
; SW[4]      ; HEX0[1]     ; 5.420 ; 5.351 ; 5.351 ; 5.420 ;
; SW[4]      ; HEX0[2]     ; 5.504 ; 5.798 ; 5.798 ; 5.504 ;
; SW[4]      ; HEX0[3]     ; 5.228 ; 5.517 ; 5.517 ; 5.228 ;
; SW[4]      ; HEX0[4]     ; 5.344 ; 5.412 ; 5.412 ; 5.344 ;
; SW[4]      ; HEX0[5]     ; 5.673 ; 5.604 ; 5.604 ; 5.673 ;
; SW[4]      ; HEX0[6]     ; 5.374 ; 5.489 ; 5.489 ; 5.374 ;
; SW[4]      ; HEX1[0]     ; 4.713 ; 4.713 ; 4.713 ; 4.713 ;
; SW[4]      ; HEX1[1]     ; 4.415 ; 4.415 ; 4.415 ; 4.415 ;
; SW[4]      ; HEX1[2]     ; 4.570 ; 4.253 ; 4.253 ; 4.570 ;
; SW[4]      ; HEX1[3]     ; 4.289 ; 4.289 ; 4.289 ; 4.289 ;
; SW[4]      ; HEX1[4]     ; 4.157 ; 4.479 ; 4.479 ; 4.157 ;
; SW[4]      ; HEX1[5]     ; 4.162 ; 4.462 ; 4.462 ; 4.162 ;
; SW[4]      ; HEX1[6]     ; 4.313 ; 4.506 ; 4.506 ; 4.313 ;
; SW[5]      ; HEX0[0]     ; 5.698 ; 5.698 ; 5.698 ; 5.698 ;
; SW[5]      ; HEX0[1]     ; 5.321 ; 5.321 ; 5.321 ; 5.321 ;
; SW[5]      ; HEX0[2]     ; 5.512 ; 5.674 ; 5.674 ; 5.512 ;
; SW[5]      ; HEX0[3]     ; 5.236 ; 5.393 ; 5.393 ; 5.236 ;
; SW[5]      ; HEX0[4]     ; 5.333 ; 5.333 ; 5.333 ; 5.333 ;
; SW[5]      ; HEX0[5]     ; 5.574 ; 5.574 ; 5.574 ; 5.574 ;
; SW[5]      ; HEX0[6]     ; 5.382 ; 5.497 ; 5.497 ; 5.382 ;
; SW[5]      ; HEX1[0]     ; 4.519 ; 4.519 ; 4.519 ; 4.519 ;
; SW[5]      ; HEX1[1]     ; 4.213 ; 4.213 ; 4.213 ; 4.213 ;
; SW[5]      ; HEX1[2]     ; 4.052 ; 4.459 ; 4.459 ; 4.052 ;
; SW[5]      ; HEX1[3]     ; 4.095 ; 4.095 ; 4.095 ; 4.095 ;
; SW[5]      ; HEX1[4]     ; 4.487 ; 3.961 ; 3.961 ; 4.487 ;
; SW[5]      ; HEX1[5]     ; 3.961 ; 3.961 ; 3.961 ; 3.961 ;
; SW[5]      ; HEX1[6]     ; 4.119 ; 4.119 ; 4.119 ; 4.119 ;
; SW[6]      ; HEX0[0]     ; 5.369 ; 5.369 ; 5.369 ; 5.369 ;
; SW[6]      ; HEX0[1]     ; 4.992 ; 4.992 ; 4.992 ; 4.992 ;
; SW[6]      ; HEX0[2]     ; 5.322 ; 5.345 ; 5.345 ; 5.322 ;
; SW[6]      ; HEX0[3]     ; 5.046 ; 5.064 ; 5.064 ; 5.046 ;
; SW[6]      ; HEX0[4]     ; 5.004 ; 5.004 ; 5.004 ; 5.004 ;
; SW[6]      ; HEX0[5]     ; 5.245 ; 5.245 ; 5.245 ; 5.245 ;
; SW[6]      ; HEX0[6]     ; 5.192 ; 5.215 ; 5.215 ; 5.192 ;
; SW[6]      ; HEX1[0]     ; 4.425 ; 4.425 ; 4.425 ; 4.425 ;
; SW[6]      ; HEX1[1]     ; 4.120 ; 4.120 ; 4.120 ; 4.120 ;
; SW[6]      ; HEX1[2]     ; 3.959 ; 3.959 ; 3.959 ; 3.959 ;
; SW[6]      ; HEX1[3]     ; 4.001 ; 4.001 ; 4.001 ; 4.001 ;
; SW[6]      ; HEX1[4]     ; 4.297 ; 3.867 ; 3.867 ; 4.297 ;
; SW[6]      ; HEX1[5]     ; 3.867 ; 3.867 ; 3.867 ; 3.867 ;
; SW[6]      ; HEX1[6]     ; 4.025 ; 4.025 ; 4.025 ; 4.025 ;
; SW[7]      ; HEX0[0]     ; 5.804 ; 5.804 ; 5.804 ; 5.804 ;
; SW[7]      ; HEX0[1]     ; 5.427 ; 5.427 ; 5.427 ; 5.427 ;
; SW[7]      ; HEX0[2]     ; 5.704 ; 5.780 ; 5.780 ; 5.704 ;
; SW[7]      ; HEX0[3]     ; 5.428 ; 5.499 ; 5.499 ; 5.428 ;
; SW[7]      ; HEX0[4]     ; 5.439 ; 5.439 ; 5.439 ; 5.439 ;
; SW[7]      ; HEX0[5]     ; 5.680 ; 5.680 ; 5.680 ; 5.680 ;
; SW[7]      ; HEX0[6]     ; 5.574 ; 5.650 ; 5.650 ; 5.574 ;
; SW[7]      ; HEX1[0]     ; 5.038 ; 5.038 ; 5.038 ; 5.038 ;
; SW[7]      ; HEX1[1]     ; 4.733 ; 4.733 ; 4.733 ; 4.733 ;
; SW[7]      ; HEX1[2]     ; 4.573 ; 4.573 ; 4.573 ; 4.573 ;
; SW[7]      ; HEX1[3]     ; 4.614 ; 4.614 ; 4.614 ; 4.614 ;
; SW[7]      ; HEX1[4]     ; 4.679 ; 4.480 ; 4.480 ; 4.679 ;
; SW[7]      ; HEX1[5]     ; 4.481 ; 4.481 ; 4.481 ; 4.481 ;
; SW[7]      ; HEX1[6]     ; 4.782 ; 4.638 ; 4.638 ; 4.782 ;
+------------+-------------+-------+-------+-------+-------+


+----------------------------------------------------------------------------+
; Multicorner Timing Analysis Summary                                        ;
+------------------+-------+------+----------+---------+---------------------+
; Clock            ; Setup ; Hold ; Recovery ; Removal ; Minimum Pulse Width ;
+------------------+-------+------+----------+---------+---------------------+
; Worst-case Slack ; N/A   ; N/A  ; N/A      ; N/A     ; -1.222              ;
;  KEY[0]          ; N/A   ; N/A  ; N/A      ; N/A     ; -1.222              ;
; Design-wide TNS  ; 0.0   ; 0.0  ; 0.0      ; 0.0     ; -1.222              ;
;  KEY[0]          ; N/A   ; N/A  ; N/A      ; N/A     ; -1.222              ;
+------------------+-------+------+----------+---------+---------------------+


+-----------------------------------------------------------------------+
; Setup Times                                                           ;
+-----------+------------+-------+-------+------------+-----------------+
; Data Port ; Clock Port ; Rise  ; Fall  ; Clock Edge ; Clock Reference ;
+-----------+------------+-------+-------+------------+-----------------+
; SW[*]     ; KEY[0]     ; 1.585 ; 1.585 ; Rise       ; KEY[0]          ;
;  SW[0]    ; KEY[0]     ; 0.493 ; 0.493 ; Rise       ; KEY[0]          ;
;  SW[1]    ; KEY[0]     ; 0.330 ; 0.330 ; Rise       ; KEY[0]          ;
;  SW[2]    ; KEY[0]     ; 0.544 ; 0.544 ; Rise       ; KEY[0]          ;
;  SW[3]    ; KEY[0]     ; 1.208 ; 1.208 ; Rise       ; KEY[0]          ;
;  SW[4]    ; KEY[0]     ; 1.169 ; 1.169 ; Rise       ; KEY[0]          ;
;  SW[5]    ; KEY[0]     ; 0.951 ; 0.951 ; Rise       ; KEY[0]          ;
;  SW[6]    ; KEY[0]     ; 0.797 ; 0.797 ; Rise       ; KEY[0]          ;
;  SW[7]    ; KEY[0]     ; 1.585 ; 1.585 ; Rise       ; KEY[0]          ;
+-----------+------------+-------+-------+------------+-----------------+


+-------------------------------------------------------------------------+
; Hold Times                                                              ;
+-----------+------------+--------+--------+------------+-----------------+
; Data Port ; Clock Port ; Rise   ; Fall   ; Clock Edge ; Clock Reference ;
+-----------+------------+--------+--------+------------+-----------------+
; SW[*]     ; KEY[0]     ; 0.551  ; 0.551  ; Rise       ; KEY[0]          ;
;  SW[0]    ; KEY[0]     ; 0.354  ; 0.354  ; Rise       ; KEY[0]          ;
;  SW[1]    ; KEY[0]     ; 0.551  ; 0.551  ; Rise       ; KEY[0]          ;
;  SW[2]    ; KEY[0]     ; 0.295  ; 0.295  ; Rise       ; KEY[0]          ;
;  SW[3]    ; KEY[0]     ; -0.221 ; -0.221 ; Rise       ; KEY[0]          ;
;  SW[4]    ; KEY[0]     ; -0.138 ; -0.138 ; Rise       ; KEY[0]          ;
;  SW[5]    ; KEY[0]     ; -0.094 ; -0.094 ; Rise       ; KEY[0]          ;
;  SW[6]    ; KEY[0]     ; 0.084  ; 0.084  ; Rise       ; KEY[0]          ;
;  SW[7]    ; KEY[0]     ; -0.409 ; -0.409 ; Rise       ; KEY[0]          ;
+-----------+------------+--------+--------+------------+-----------------+


+-------------------------------------------------------------------------+
; Clock to Output Times                                                   ;
+-----------+------------+--------+--------+------------+-----------------+
; Data Port ; Clock Port ; Rise   ; Fall   ; Clock Edge ; Clock Reference ;
+-----------+------------+--------+--------+------------+-----------------+
; HEX0[*]   ; KEY[0]     ; 12.868 ; 12.868 ; Rise       ; KEY[0]          ;
;  HEX0[0]  ; KEY[0]     ; 12.868 ; 12.868 ; Rise       ; KEY[0]          ;
;  HEX0[1]  ; KEY[0]     ; 11.909 ; 11.909 ; Rise       ; KEY[0]          ;
;  HEX0[2]  ; KEY[0]     ; 12.367 ; 12.367 ; Rise       ; KEY[0]          ;
;  HEX0[3]  ; KEY[0]     ; 11.748 ; 11.748 ; Rise       ; KEY[0]          ;
;  HEX0[4]  ; KEY[0]     ; 11.846 ; 11.846 ; Rise       ; KEY[0]          ;
;  HEX0[5]  ; KEY[0]     ; 12.612 ; 12.612 ; Rise       ; KEY[0]          ;
;  HEX0[6]  ; KEY[0]     ; 12.298 ; 12.298 ; Rise       ; KEY[0]          ;
; HEX1[*]   ; KEY[0]     ; 11.092 ; 11.092 ; Rise       ; KEY[0]          ;
;  HEX1[0]  ; KEY[0]     ; 11.092 ; 11.092 ; Rise       ; KEY[0]          ;
;  HEX1[1]  ; KEY[0]     ; 10.712 ; 10.712 ; Rise       ; KEY[0]          ;
;  HEX1[2]  ; KEY[0]     ; 10.500 ; 10.500 ; Rise       ; KEY[0]          ;
;  HEX1[3]  ; KEY[0]     ; 10.358 ; 10.358 ; Rise       ; KEY[0]          ;
;  HEX1[4]  ; KEY[0]     ; 10.337 ; 10.337 ; Rise       ; KEY[0]          ;
;  HEX1[5]  ; KEY[0]     ; 10.315 ; 10.315 ; Rise       ; KEY[0]          ;
;  HEX1[6]  ; KEY[0]     ; 10.338 ; 10.338 ; Rise       ; KEY[0]          ;
+-----------+------------+--------+--------+------------+-----------------+


+-----------------------------------------------------------------------+
; Minimum Clock to Output Times                                         ;
+-----------+------------+-------+-------+------------+-----------------+
; Data Port ; Clock Port ; Rise  ; Fall  ; Clock Edge ; Clock Reference ;
+-----------+------------+-------+-------+------------+-----------------+
; HEX0[*]   ; KEY[0]     ; 5.202 ; 5.202 ; Rise       ; KEY[0]          ;
;  HEX0[0]  ; KEY[0]     ; 5.579 ; 5.579 ; Rise       ; KEY[0]          ;
;  HEX0[1]  ; KEY[0]     ; 5.202 ; 5.202 ; Rise       ; KEY[0]          ;
;  HEX0[2]  ; KEY[0]     ; 5.407 ; 5.407 ; Rise       ; KEY[0]          ;
;  HEX0[3]  ; KEY[0]     ; 5.274 ; 5.274 ; Rise       ; KEY[0]          ;
;  HEX0[4]  ; KEY[0]     ; 5.214 ; 5.214 ; Rise       ; KEY[0]          ;
;  HEX0[5]  ; KEY[0]     ; 5.455 ; 5.455 ; Rise       ; KEY[0]          ;
;  HEX0[6]  ; KEY[0]     ; 5.407 ; 5.407 ; Rise       ; KEY[0]          ;
; HEX1[*]   ; KEY[0]     ; 4.239 ; 4.239 ; Rise       ; KEY[0]          ;
;  HEX1[0]  ; KEY[0]     ; 4.797 ; 4.797 ; Rise       ; KEY[0]          ;
;  HEX1[1]  ; KEY[0]     ; 4.492 ; 4.492 ; Rise       ; KEY[0]          ;
;  HEX1[2]  ; KEY[0]     ; 4.331 ; 4.331 ; Rise       ; KEY[0]          ;
;  HEX1[3]  ; KEY[0]     ; 4.373 ; 4.373 ; Rise       ; KEY[0]          ;
;  HEX1[4]  ; KEY[0]     ; 4.239 ; 4.239 ; Rise       ; KEY[0]          ;
;  HEX1[5]  ; KEY[0]     ; 4.239 ; 4.239 ; Rise       ; KEY[0]          ;
;  HEX1[6]  ; KEY[0]     ; 4.397 ; 4.397 ; Rise       ; KEY[0]          ;
+-----------+------------+-------+-------+------------+-----------------+


+--------------------------------------------------------------+
; Progagation Delay                                            ;
+------------+-------------+--------+--------+--------+--------+
; Input Port ; Output Port ; RR     ; RF     ; FR     ; FF     ;
+------------+-------------+--------+--------+--------+--------+
; KEY[1]     ; HEX0[0]     ;        ; 12.669 ; 12.669 ;        ;
; KEY[1]     ; HEX0[1]     ;        ; 11.712 ; 11.712 ;        ;
; KEY[1]     ; HEX0[2]     ; 13.065 ; 13.148 ; 13.148 ; 13.065 ;
; KEY[1]     ; HEX0[3]     ; 12.550 ; 12.375 ; 12.375 ; 12.550 ;
; KEY[1]     ; HEX0[4]     ; 11.698 ; 11.698 ; 11.698 ; 11.698 ;
; KEY[1]     ; HEX0[5]     ;        ; 12.414 ; 12.414 ;        ;
; KEY[1]     ; HEX0[6]     ; 13.118 ; 13.118 ; 13.118 ; 13.118 ;
; KEY[1]     ; HEX1[0]     ;        ; 11.912 ; 11.912 ;        ;
; KEY[1]     ; HEX1[1]     ; 11.532 ; 11.532 ; 11.532 ; 11.532 ;
; KEY[1]     ; HEX1[2]     ; 11.320 ; 11.320 ; 11.320 ; 11.320 ;
; KEY[1]     ; HEX1[3]     ; 11.052 ; 11.139 ; 11.139 ; 11.052 ;
; KEY[1]     ; HEX1[4]     ; 11.118 ; 11.118 ; 11.118 ; 11.118 ;
; KEY[1]     ; HEX1[5]     ; 11.096 ; 11.096 ; 11.096 ; 11.096 ;
; KEY[1]     ; HEX1[6]     ; 11.119 ; 11.079 ; 11.079 ; 11.119 ;
; KEY[2]     ; HEX0[0]     ; 14.582 ; 14.582 ; 14.582 ; 14.582 ;
; KEY[2]     ; HEX0[1]     ; 13.769 ; 13.769 ; 13.769 ; 13.769 ;
; KEY[2]     ; HEX0[2]     ; 14.005 ; 14.005 ; 14.005 ; 14.005 ;
; KEY[2]     ; HEX0[3]     ; 13.761 ; 13.761 ; 13.761 ; 13.761 ;
; KEY[2]     ; HEX0[4]     ; 13.826 ; 13.826 ; 13.826 ; 13.826 ;
; KEY[2]     ; HEX0[5]     ; 14.559 ; 14.559 ; 14.559 ; 14.559 ;
; KEY[2]     ; HEX0[6]     ; 14.015 ; 14.015 ; 14.015 ; 14.015 ;
; KEY[2]     ; HEX1[0]     ; 12.509 ; 12.509 ; 12.509 ; 12.509 ;
; KEY[2]     ; HEX1[1]     ; 11.852 ; 11.852 ; 11.852 ; 11.852 ;
; KEY[2]     ; HEX1[2]     ; 11.633 ; 11.633 ; 11.633 ; 11.633 ;
; KEY[2]     ; HEX1[3]     ; 11.722 ; 11.722 ; 11.722 ; 11.722 ;
; KEY[2]     ; HEX1[4]     ; 11.389 ; 11.389 ; 11.389 ; 11.389 ;
; KEY[2]     ; HEX1[5]     ; 11.401 ; 11.401 ; 11.401 ; 11.401 ;
; KEY[2]     ; HEX1[6]     ; 11.744 ; 11.744 ; 11.744 ; 11.744 ;
; SW[0]      ; HEX0[0]     ; 11.489 ; 11.335 ; 11.335 ; 11.489 ;
; SW[0]      ; HEX0[1]     ; 10.530 ; 10.376 ; 10.376 ; 10.530 ;
; SW[0]      ; HEX0[2]     ; 10.982 ; 10.578 ; 10.578 ; 10.982 ;
; SW[0]      ; HEX0[3]     ; 10.358 ; 9.959  ; 9.959  ; 10.358 ;
; SW[0]      ; HEX0[4]     ; 10.388 ; 10.467 ; 10.467 ; 10.388 ;
; SW[0]      ; HEX0[5]     ; 11.233 ; 11.079 ; 11.079 ; 11.233 ;
; SW[0]      ; HEX0[6]     ; 10.917 ; 10.917 ; 10.917 ; 10.917 ;
; SW[0]      ; HEX1[0]     ; 9.711  ; 9.586  ; 9.586  ; 9.711  ;
; SW[0]      ; HEX1[1]     ; 9.331  ; 9.331  ; 9.331  ; 9.331  ;
; SW[0]      ; HEX1[2]     ; 9.119  ; 9.119  ; 9.119  ; 9.119  ;
; SW[0]      ; HEX1[3]     ; 8.973  ; 8.569  ; 8.569  ; 8.973  ;
; SW[0]      ; HEX1[4]     ; 8.952  ; 8.952  ; 8.952  ; 8.952  ;
; SW[0]      ; HEX1[5]     ; 8.930  ; 8.930  ; 8.930  ; 8.930  ;
; SW[0]      ; HEX1[6]     ; 8.549  ; 8.953  ; 8.953  ; 8.549  ;
; SW[1]      ; HEX0[0]     ; 11.440 ; 11.288 ; 11.288 ; 11.440 ;
; SW[1]      ; HEX0[1]     ; 10.481 ; 10.329 ; 10.329 ; 10.481 ;
; SW[1]      ; HEX0[2]     ; 10.933 ; 10.233 ; 10.233 ; 10.933 ;
; SW[1]      ; HEX0[3]     ; 10.309 ; 9.614  ; 9.614  ; 10.309 ;
; SW[1]      ; HEX0[4]     ; 10.341 ; 10.418 ; 10.418 ; 10.341 ;
; SW[1]      ; HEX0[5]     ; 11.184 ; 11.032 ; 11.032 ; 11.184 ;
; SW[1]      ; HEX0[6]     ; 10.868 ; 10.868 ; 10.868 ; 10.868 ;
; SW[1]      ; HEX1[0]     ; 9.662  ; 9.539  ; 9.539  ; 9.662  ;
; SW[1]      ; HEX1[1]     ; 9.282  ; 9.282  ; 9.282  ; 9.282  ;
; SW[1]      ; HEX1[2]     ; 9.070  ; 9.070  ; 9.070  ; 9.070  ;
; SW[1]      ; HEX1[3]     ; 8.924  ; 8.224  ; 8.224  ; 8.924  ;
; SW[1]      ; HEX1[4]     ; 8.903  ; 8.903  ; 8.903  ; 8.903  ;
; SW[1]      ; HEX1[5]     ; 8.881  ; 8.881  ; 8.881  ; 8.881  ;
; SW[1]      ; HEX1[6]     ; 8.204  ; 8.904  ; 8.904  ; 8.204  ;
; SW[2]      ; HEX0[0]     ; 11.539 ; 11.379 ; 11.379 ; 11.539 ;
; SW[2]      ; HEX0[1]     ; 10.580 ; 10.420 ; 10.420 ; 10.580 ;
; SW[2]      ; HEX0[2]     ; 11.032 ; 10.475 ; 10.475 ; 11.032 ;
; SW[2]      ; HEX0[3]     ; 10.408 ; 9.856  ; 9.856  ; 10.408 ;
; SW[2]      ; HEX0[4]     ; 10.432 ; 10.517 ; 10.517 ; 10.432 ;
; SW[2]      ; HEX0[5]     ; 11.283 ; 11.123 ; 11.123 ; 11.283 ;
; SW[2]      ; HEX0[6]     ; 10.967 ; 10.967 ; 10.967 ; 10.967 ;
; SW[2]      ; HEX1[0]     ; 9.761  ; 9.630  ; 9.630  ; 9.761  ;
; SW[2]      ; HEX1[1]     ; 9.381  ; 9.381  ; 9.381  ; 9.381  ;
; SW[2]      ; HEX1[2]     ; 9.169  ; 9.169  ; 9.169  ; 9.169  ;
; SW[2]      ; HEX1[3]     ; 9.023  ; 8.466  ; 8.466  ; 9.023  ;
; SW[2]      ; HEX1[4]     ; 9.002  ; 9.002  ; 9.002  ; 9.002  ;
; SW[2]      ; HEX1[5]     ; 8.980  ; 8.980  ; 8.980  ; 8.980  ;
; SW[2]      ; HEX1[6]     ; 8.446  ; 9.003  ; 9.003  ; 8.446  ;
; SW[3]      ; HEX0[0]     ; 12.209 ; 12.049 ; 12.049 ; 12.209 ;
; SW[3]      ; HEX0[1]     ; 11.250 ; 11.090 ; 11.090 ; 11.250 ;
; SW[3]      ; HEX0[2]     ; 11.702 ; 11.609 ; 11.609 ; 11.702 ;
; SW[3]      ; HEX0[3]     ; 11.078 ; 10.990 ; 10.990 ; 11.078 ;
; SW[3]      ; HEX0[4]     ; 11.102 ; 11.187 ; 11.187 ; 11.102 ;
; SW[3]      ; HEX0[5]     ; 11.953 ; 11.793 ; 11.793 ; 11.953 ;
; SW[3]      ; HEX0[6]     ; 11.637 ; 11.637 ; 11.637 ; 11.637 ;
; SW[3]      ; HEX1[0]     ; 10.431 ; 10.334 ; 10.334 ; 10.431 ;
; SW[3]      ; HEX1[1]     ; 10.051 ; 10.051 ; 10.051 ; 10.051 ;
; SW[3]      ; HEX1[2]     ; 9.839  ; 9.839  ; 9.839  ; 9.839  ;
; SW[3]      ; HEX1[3]     ; 9.693  ; 9.600  ; 9.600  ; 9.693  ;
; SW[3]      ; HEX1[4]     ; 9.672  ; 9.672  ; 9.672  ; 9.672  ;
; SW[3]      ; HEX1[5]     ; 9.650  ; 9.650  ; 9.650  ; 9.650  ;
; SW[3]      ; HEX1[6]     ; 9.580  ; 9.673  ; 9.673  ; 9.580  ;
; SW[4]      ; HEX0[0]     ; 11.879 ; 11.879 ; 11.879 ; 11.879 ;
; SW[4]      ; HEX0[1]     ; 10.921 ; 10.921 ; 10.921 ; 10.921 ;
; SW[4]      ; HEX0[2]     ; 11.829 ; 11.829 ; 11.829 ; 11.829 ;
; SW[4]      ; HEX0[3]     ; 11.210 ; 11.210 ; 11.210 ; 11.210 ;
; SW[4]      ; HEX0[4]     ; 10.924 ; 10.924 ; 10.924 ; 10.924 ;
; SW[4]      ; HEX0[5]     ; 11.623 ; 11.623 ; 11.623 ; 11.623 ;
; SW[4]      ; HEX0[6]     ; 11.760 ; 11.760 ; 11.760 ; 11.760 ;
; SW[4]      ; HEX1[0]     ; 10.554 ; 10.554 ; 10.554 ; 10.554 ;
; SW[4]      ; HEX1[1]     ; 10.174 ; 10.174 ; 10.174 ; 10.174 ;
; SW[4]      ; HEX1[2]     ; 9.962  ; 9.962  ; 9.962  ; 9.962  ;
; SW[4]      ; HEX1[3]     ; 9.820  ; 9.820  ; 9.820  ; 9.820  ;
; SW[4]      ; HEX1[4]     ; 9.799  ; 9.799  ; 9.799  ; 9.799  ;
; SW[4]      ; HEX1[5]     ; 9.777  ; 9.777  ; 9.777  ; 9.777  ;
; SW[4]      ; HEX1[6]     ; 9.800  ; 9.800  ; 9.800  ; 9.800  ;
; SW[5]      ; HEX0[0]     ; 11.914 ; 11.756 ; 11.756 ; 11.914 ;
; SW[5]      ; HEX0[1]     ; 10.955 ; 10.797 ; 10.797 ; 10.955 ;
; SW[5]      ; HEX0[2]     ; 11.586 ; 11.586 ; 11.586 ; 11.586 ;
; SW[5]      ; HEX0[3]     ; 10.967 ; 10.967 ; 10.967 ; 10.967 ;
; SW[5]      ; HEX0[4]     ; 10.809 ; 10.892 ; 10.892 ; 10.809 ;
; SW[5]      ; HEX0[5]     ; 11.658 ; 11.500 ; 11.500 ; 11.658 ;
; SW[5]      ; HEX0[6]     ; 11.517 ; 11.517 ; 11.517 ; 11.517 ;
; SW[5]      ; HEX1[0]     ; 10.311 ; 10.311 ; 10.311 ; 10.311 ;
; SW[5]      ; HEX1[1]     ; 9.931  ; 9.931  ; 9.931  ; 9.931  ;
; SW[5]      ; HEX1[2]     ; 9.719  ; 9.719  ; 9.719  ; 9.719  ;
; SW[5]      ; HEX1[3]     ; 9.577  ; 9.577  ; 9.577  ; 9.577  ;
; SW[5]      ; HEX1[4]     ; 9.556  ; 9.556  ; 9.556  ; 9.556  ;
; SW[5]      ; HEX1[5]     ; 9.534  ; 9.534  ; 9.534  ; 9.534  ;
; SW[5]      ; HEX1[6]     ; 9.557  ; 9.557  ; 9.557  ; 9.557  ;
; SW[6]      ; HEX0[0]     ; 11.487 ; 11.331 ; 11.331 ; 11.487 ;
; SW[6]      ; HEX0[1]     ; 10.528 ; 10.372 ; 10.372 ; 10.528 ;
; SW[6]      ; HEX0[2]     ; 10.980 ; 10.795 ; 10.795 ; 10.980 ;
; SW[6]      ; HEX0[3]     ; 10.356 ; 10.176 ; 10.176 ; 10.356 ;
; SW[6]      ; HEX0[4]     ; 10.384 ; 10.465 ; 10.465 ; 10.384 ;
; SW[6]      ; HEX0[5]     ; 11.231 ; 11.075 ; 11.075 ; 11.231 ;
; SW[6]      ; HEX0[6]     ; 10.915 ; 10.915 ; 10.915 ; 10.915 ;
; SW[6]      ; HEX1[0]     ; 9.709  ; 9.582  ; 9.582  ; 9.709  ;
; SW[6]      ; HEX1[1]     ; 9.329  ; 9.329  ; 9.329  ; 9.329  ;
; SW[6]      ; HEX1[2]     ; 9.117  ; 9.117  ; 9.117  ; 9.117  ;
; SW[6]      ; HEX1[3]     ; 8.971  ; 8.786  ; 8.786  ; 8.971  ;
; SW[6]      ; HEX1[4]     ; 8.950  ; 8.950  ; 8.950  ; 8.950  ;
; SW[6]      ; HEX1[5]     ; 8.928  ; 8.928  ; 8.928  ; 8.928  ;
; SW[6]      ; HEX1[6]     ; 8.766  ; 8.951  ; 8.951  ; 8.766  ;
; SW[7]      ; HEX0[0]     ; 12.008 ; 11.849 ; 11.849 ; 12.008 ;
; SW[7]      ; HEX0[1]     ; 11.049 ; 10.890 ; 10.890 ; 11.049 ;
; SW[7]      ; HEX0[2]     ; 11.501 ; 11.496 ; 11.496 ; 11.501 ;
; SW[7]      ; HEX0[3]     ; 10.877 ; 10.877 ; 10.877 ; 10.877 ;
; SW[7]      ; HEX0[4]     ; 10.902 ; 10.986 ; 10.986 ; 10.902 ;
; SW[7]      ; HEX0[5]     ; 11.752 ; 11.593 ; 11.593 ; 11.752 ;
; SW[7]      ; HEX0[6]     ; 11.436 ; 11.436 ; 11.436 ; 11.436 ;
; SW[7]      ; HEX1[0]     ; 10.230 ; 10.221 ; 10.221 ; 10.230 ;
; SW[7]      ; HEX1[1]     ; 9.850  ; 9.850  ; 9.850  ; 9.850  ;
; SW[7]      ; HEX1[2]     ; 9.638  ; 9.638  ; 9.638  ; 9.638  ;
; SW[7]      ; HEX1[3]     ; 9.492  ; 9.487  ; 9.487  ; 9.492  ;
; SW[7]      ; HEX1[4]     ; 9.471  ; 9.471  ; 9.471  ; 9.471  ;
; SW[7]      ; HEX1[5]     ; 9.449  ; 9.449  ; 9.449  ; 9.449  ;
; SW[7]      ; HEX1[6]     ; 9.467  ; 9.472  ; 9.472  ; 9.467  ;
+------------+-------------+--------+--------+--------+--------+


+----------------------------------------------------------+
; Minimum Progagation Delay                                ;
+------------+-------------+-------+-------+-------+-------+
; Input Port ; Output Port ; RR    ; RF    ; FR    ; FF    ;
+------------+-------------+-------+-------+-------+-------+
; KEY[1]     ; HEX0[0]     ;       ; 6.864 ; 6.864 ;       ;
; KEY[1]     ; HEX0[1]     ;       ; 6.488 ; 6.488 ;       ;
; KEY[1]     ; HEX0[2]     ; 7.062 ; 7.107 ; 7.107 ; 7.062 ;
; KEY[1]     ; HEX0[3]     ; 6.853 ; 6.797 ; 6.797 ; 6.853 ;
; KEY[1]     ; HEX0[4]     ; 6.483 ; 6.483 ; 6.483 ; 6.483 ;
; KEY[1]     ; HEX0[5]     ;       ; 6.741 ; 6.741 ;       ;
; KEY[1]     ; HEX0[6]     ; 6.932 ; 7.057 ; 7.057 ; 6.932 ;
; KEY[1]     ; HEX1[0]     ;       ; 6.484 ; 6.484 ;       ;
; KEY[1]     ; HEX1[1]     ; 6.292 ; 6.175 ; 6.175 ; 6.292 ;
; KEY[1]     ; HEX1[2]     ; 6.138 ; 6.009 ; 6.009 ; 6.138 ;
; KEY[1]     ; HEX1[3]     ; 6.038 ; 6.092 ; 6.092 ; 6.038 ;
; KEY[1]     ; HEX1[4]     ; 6.037 ; 6.037 ; 6.037 ; 6.037 ;
; KEY[1]     ; HEX1[5]     ; 6.020 ; 6.020 ; 6.020 ; 6.020 ;
; KEY[1]     ; HEX1[6]     ; 6.114 ; 6.064 ; 6.064 ; 6.114 ;
; KEY[2]     ; HEX0[0]     ; 7.431 ; 7.431 ; 7.431 ; 7.431 ;
; KEY[2]     ; HEX0[1]     ; 7.124 ; 7.124 ; 7.124 ; 7.124 ;
; KEY[2]     ; HEX0[2]     ; 7.196 ; 7.196 ; 7.196 ; 7.196 ;
; KEY[2]     ; HEX0[3]     ; 7.114 ; 7.114 ; 7.114 ; 7.114 ;
; KEY[2]     ; HEX0[4]     ; 7.140 ; 7.140 ; 7.140 ; 7.140 ;
; KEY[2]     ; HEX0[5]     ; 7.419 ; 7.419 ; 7.419 ; 7.419 ;
; KEY[2]     ; HEX0[6]     ; 7.196 ; 7.196 ; 7.196 ; 7.196 ;
; KEY[2]     ; HEX1[0]     ; 6.496 ; 6.496 ; 6.496 ; 6.496 ;
; KEY[2]     ; HEX1[1]     ; 6.190 ; 6.190 ; 6.190 ; 6.190 ;
; KEY[2]     ; HEX1[2]     ; 6.029 ; 6.029 ; 6.029 ; 6.029 ;
; KEY[2]     ; HEX1[3]     ; 6.072 ; 6.072 ; 6.072 ; 6.072 ;
; KEY[2]     ; HEX1[4]     ; 5.938 ; 5.938 ; 5.938 ; 5.938 ;
; KEY[2]     ; HEX1[5]     ; 5.938 ; 5.938 ; 5.938 ; 5.938 ;
; KEY[2]     ; HEX1[6]     ; 6.096 ; 6.096 ; 6.096 ; 6.096 ;
; SW[0]      ; HEX0[0]     ; 5.106 ; 5.106 ; 5.106 ; 5.106 ;
; SW[0]      ; HEX0[1]     ; 4.799 ; 4.799 ; 4.799 ; 4.799 ;
; SW[0]      ; HEX0[2]     ; 5.197 ; 4.871 ; 4.871 ; 5.197 ;
; SW[0]      ; HEX0[3]     ; 4.789 ; 4.789 ; 4.789 ; 4.789 ;
; SW[0]      ; HEX0[4]     ; 4.815 ; 4.856 ; 4.856 ; 4.815 ;
; SW[0]      ; HEX0[5]     ; 5.094 ; 5.097 ; 5.097 ; 5.094 ;
; SW[0]      ; HEX0[6]     ; 4.871 ; 5.067 ; 5.067 ; 4.871 ;
; SW[0]      ; HEX1[0]     ; 4.604 ; 4.604 ; 4.604 ; 4.604 ;
; SW[0]      ; HEX1[1]     ; 4.310 ; 4.310 ; 4.310 ; 4.310 ;
; SW[0]      ; HEX1[2]     ; 4.144 ; 4.144 ; 4.144 ; 4.144 ;
; SW[0]      ; HEX1[3]     ; 4.173 ; 4.173 ; 4.173 ; 4.173 ;
; SW[0]      ; HEX1[4]     ; 4.172 ; 4.172 ; 4.172 ; 4.172 ;
; SW[0]      ; HEX1[5]     ; 4.155 ; 4.155 ; 4.155 ; 4.155 ;
; SW[0]      ; HEX1[6]     ; 4.199 ; 4.199 ; 4.199 ; 4.199 ;
; SW[1]      ; HEX0[0]     ; 5.042 ; 5.042 ; 5.042 ; 5.042 ;
; SW[1]      ; HEX0[1]     ; 4.694 ; 4.694 ; 4.694 ; 4.694 ;
; SW[1]      ; HEX0[2]     ; 4.815 ; 5.047 ; 5.047 ; 4.815 ;
; SW[1]      ; HEX0[3]     ; 4.732 ; 4.732 ; 4.732 ; 4.732 ;
; SW[1]      ; HEX0[4]     ; 4.706 ; 4.706 ; 4.706 ; 4.706 ;
; SW[1]      ; HEX0[5]     ; 4.947 ; 4.947 ; 4.947 ; 4.947 ;
; SW[1]      ; HEX0[6]     ; 4.807 ; 4.807 ; 4.807 ; 4.807 ;
; SW[1]      ; HEX1[0]     ; 4.454 ; 4.454 ; 4.454 ; 4.454 ;
; SW[1]      ; HEX1[1]     ; 4.160 ; 4.160 ; 4.160 ; 4.160 ;
; SW[1]      ; HEX1[2]     ; 3.994 ; 3.994 ; 3.994 ; 3.994 ;
; SW[1]      ; HEX1[3]     ; 4.023 ; 4.023 ; 4.023 ; 4.023 ;
; SW[1]      ; HEX1[4]     ; 4.022 ; 4.022 ; 4.022 ; 4.022 ;
; SW[1]      ; HEX1[5]     ; 4.005 ; 4.005 ; 4.005 ; 4.005 ;
; SW[1]      ; HEX1[6]     ; 4.049 ; 4.049 ; 4.049 ; 4.049 ;
; SW[2]      ; HEX0[0]     ; 5.155 ; 5.155 ; 5.155 ; 5.155 ;
; SW[2]      ; HEX0[1]     ; 4.825 ; 4.825 ; 4.825 ; 4.825 ;
; SW[2]      ; HEX0[2]     ; 4.926 ; 4.926 ; 4.926 ; 4.926 ;
; SW[2]      ; HEX0[3]     ; 4.839 ; 4.839 ; 4.839 ; 4.839 ;
; SW[2]      ; HEX0[4]     ; 4.837 ; 4.837 ; 4.837 ; 4.837 ;
; SW[2]      ; HEX0[5]     ; 5.078 ; 5.078 ; 5.078 ; 5.078 ;
; SW[2]      ; HEX0[6]     ; 4.920 ; 4.920 ; 4.920 ; 4.920 ;
; SW[2]      ; HEX1[0]     ; 4.585 ; 4.585 ; 4.585 ; 4.585 ;
; SW[2]      ; HEX1[1]     ; 4.291 ; 4.291 ; 4.291 ; 4.291 ;
; SW[2]      ; HEX1[2]     ; 4.125 ; 4.125 ; 4.125 ; 4.125 ;
; SW[2]      ; HEX1[3]     ; 4.154 ; 4.154 ; 4.154 ; 4.154 ;
; SW[2]      ; HEX1[4]     ; 4.153 ; 4.153 ; 4.153 ; 4.153 ;
; SW[2]      ; HEX1[5]     ; 4.136 ; 4.136 ; 4.136 ; 4.136 ;
; SW[2]      ; HEX1[6]     ; 4.180 ; 4.180 ; 4.180 ; 4.180 ;
; SW[3]      ; HEX0[0]     ; 5.753 ; 5.753 ; 5.753 ; 5.753 ;
; SW[3]      ; HEX0[1]     ; 5.376 ; 5.376 ; 5.376 ; 5.376 ;
; SW[3]      ; HEX0[2]     ; 5.539 ; 5.539 ; 5.539 ; 5.539 ;
; SW[3]      ; HEX0[3]     ; 5.405 ; 5.448 ; 5.448 ; 5.405 ;
; SW[3]      ; HEX0[4]     ; 5.388 ; 5.388 ; 5.388 ; 5.388 ;
; SW[3]      ; HEX0[5]     ; 5.629 ; 5.629 ; 5.629 ; 5.629 ;
; SW[3]      ; HEX0[6]     ; 5.551 ; 5.516 ; 5.516 ; 5.551 ;
; SW[3]      ; HEX1[0]     ; 5.136 ; 5.093 ; 5.093 ; 5.136 ;
; SW[3]      ; HEX1[1]     ; 4.842 ; 4.794 ; 4.794 ; 4.842 ;
; SW[3]      ; HEX1[2]     ; 4.676 ; 4.628 ; 4.628 ; 4.676 ;
; SW[3]      ; HEX1[3]     ; 4.657 ; 4.705 ; 4.705 ; 4.657 ;
; SW[3]      ; HEX1[4]     ; 4.656 ; 4.656 ; 4.656 ; 4.656 ;
; SW[3]      ; HEX1[5]     ; 4.639 ; 4.639 ; 4.639 ; 4.639 ;
; SW[3]      ; HEX1[6]     ; 4.731 ; 4.683 ; 4.683 ; 4.731 ;
; SW[4]      ; HEX0[0]     ; 5.797 ; 5.728 ; 5.728 ; 5.797 ;
; SW[4]      ; HEX0[1]     ; 5.420 ; 5.351 ; 5.351 ; 5.420 ;
; SW[4]      ; HEX0[2]     ; 5.504 ; 5.798 ; 5.798 ; 5.504 ;
; SW[4]      ; HEX0[3]     ; 5.228 ; 5.517 ; 5.517 ; 5.228 ;
; SW[4]      ; HEX0[4]     ; 5.344 ; 5.412 ; 5.412 ; 5.344 ;
; SW[4]      ; HEX0[5]     ; 5.673 ; 5.604 ; 5.604 ; 5.673 ;
; SW[4]      ; HEX0[6]     ; 5.374 ; 5.489 ; 5.489 ; 5.374 ;
; SW[4]      ; HEX1[0]     ; 4.713 ; 4.713 ; 4.713 ; 4.713 ;
; SW[4]      ; HEX1[1]     ; 4.415 ; 4.415 ; 4.415 ; 4.415 ;
; SW[4]      ; HEX1[2]     ; 4.570 ; 4.253 ; 4.253 ; 4.570 ;
; SW[4]      ; HEX1[3]     ; 4.289 ; 4.289 ; 4.289 ; 4.289 ;
; SW[4]      ; HEX1[4]     ; 4.157 ; 4.479 ; 4.479 ; 4.157 ;
; SW[4]      ; HEX1[5]     ; 4.162 ; 4.462 ; 4.462 ; 4.162 ;
; SW[4]      ; HEX1[6]     ; 4.313 ; 4.506 ; 4.506 ; 4.313 ;
; SW[5]      ; HEX0[0]     ; 5.698 ; 5.698 ; 5.698 ; 5.698 ;
; SW[5]      ; HEX0[1]     ; 5.321 ; 5.321 ; 5.321 ; 5.321 ;
; SW[5]      ; HEX0[2]     ; 5.512 ; 5.674 ; 5.674 ; 5.512 ;
; SW[5]      ; HEX0[3]     ; 5.236 ; 5.393 ; 5.393 ; 5.236 ;
; SW[5]      ; HEX0[4]     ; 5.333 ; 5.333 ; 5.333 ; 5.333 ;
; SW[5]      ; HEX0[5]     ; 5.574 ; 5.574 ; 5.574 ; 5.574 ;
; SW[5]      ; HEX0[6]     ; 5.382 ; 5.497 ; 5.497 ; 5.382 ;
; SW[5]      ; HEX1[0]     ; 4.519 ; 4.519 ; 4.519 ; 4.519 ;
; SW[5]      ; HEX1[1]     ; 4.213 ; 4.213 ; 4.213 ; 4.213 ;
; SW[5]      ; HEX1[2]     ; 4.052 ; 4.459 ; 4.459 ; 4.052 ;
; SW[5]      ; HEX1[3]     ; 4.095 ; 4.095 ; 4.095 ; 4.095 ;
; SW[5]      ; HEX1[4]     ; 4.487 ; 3.961 ; 3.961 ; 4.487 ;
; SW[5]      ; HEX1[5]     ; 3.961 ; 3.961 ; 3.961 ; 3.961 ;
; SW[5]      ; HEX1[6]     ; 4.119 ; 4.119 ; 4.119 ; 4.119 ;
; SW[6]      ; HEX0[0]     ; 5.369 ; 5.369 ; 5.369 ; 5.369 ;
; SW[6]      ; HEX0[1]     ; 4.992 ; 4.992 ; 4.992 ; 4.992 ;
; SW[6]      ; HEX0[2]     ; 5.322 ; 5.345 ; 5.345 ; 5.322 ;
; SW[6]      ; HEX0[3]     ; 5.046 ; 5.064 ; 5.064 ; 5.046 ;
; SW[6]      ; HEX0[4]     ; 5.004 ; 5.004 ; 5.004 ; 5.004 ;
; SW[6]      ; HEX0[5]     ; 5.245 ; 5.245 ; 5.245 ; 5.245 ;
; SW[6]      ; HEX0[6]     ; 5.192 ; 5.215 ; 5.215 ; 5.192 ;
; SW[6]      ; HEX1[0]     ; 4.425 ; 4.425 ; 4.425 ; 4.425 ;
; SW[6]      ; HEX1[1]     ; 4.120 ; 4.120 ; 4.120 ; 4.120 ;
; SW[6]      ; HEX1[2]     ; 3.959 ; 3.959 ; 3.959 ; 3.959 ;
; SW[6]      ; HEX1[3]     ; 4.001 ; 4.001 ; 4.001 ; 4.001 ;
; SW[6]      ; HEX1[4]     ; 4.297 ; 3.867 ; 3.867 ; 4.297 ;
; SW[6]      ; HEX1[5]     ; 3.867 ; 3.867 ; 3.867 ; 3.867 ;
; SW[6]      ; HEX1[6]     ; 4.025 ; 4.025 ; 4.025 ; 4.025 ;
; SW[7]      ; HEX0[0]     ; 5.804 ; 5.804 ; 5.804 ; 5.804 ;
; SW[7]      ; HEX0[1]     ; 5.427 ; 5.427 ; 5.427 ; 5.427 ;
; SW[7]      ; HEX0[2]     ; 5.704 ; 5.780 ; 5.780 ; 5.704 ;
; SW[7]      ; HEX0[3]     ; 5.428 ; 5.499 ; 5.499 ; 5.428 ;
; SW[7]      ; HEX0[4]     ; 5.439 ; 5.439 ; 5.439 ; 5.439 ;
; SW[7]      ; HEX0[5]     ; 5.680 ; 5.680 ; 5.680 ; 5.680 ;
; SW[7]      ; HEX0[6]     ; 5.574 ; 5.650 ; 5.650 ; 5.574 ;
; SW[7]      ; HEX1[0]     ; 5.038 ; 5.038 ; 5.038 ; 5.038 ;
; SW[7]      ; HEX1[1]     ; 4.733 ; 4.733 ; 4.733 ; 4.733 ;
; SW[7]      ; HEX1[2]     ; 4.573 ; 4.573 ; 4.573 ; 4.573 ;
; SW[7]      ; HEX1[3]     ; 4.614 ; 4.614 ; 4.614 ; 4.614 ;
; SW[7]      ; HEX1[4]     ; 4.679 ; 4.480 ; 4.480 ; 4.679 ;
; SW[7]      ; HEX1[5]     ; 4.481 ; 4.481 ; 4.481 ; 4.481 ;
; SW[7]      ; HEX1[6]     ; 4.782 ; 4.638 ; 4.638 ; 4.782 ;
+------------+-------------+-------+-------+-------+-------+


-------------------
; Clock Transfers ;
-------------------
Nothing to report.


---------------
; Report TCCS ;
---------------
No dedicated SERDES Transmitter circuitry present in device or used in design


---------------
; Report RSKM ;
---------------
No dedicated SERDES Receiver circuitry present in device or used in design


+------------------------------------------------+
; Unconstrained Paths                            ;
+---------------------------------+-------+------+
; Property                        ; Setup ; Hold ;
+---------------------------------+-------+------+
; Illegal Clocks                  ; 0     ; 0    ;
; Unconstrained Clocks            ; 0     ; 0    ;
; Unconstrained Input Ports       ; 10    ; 10   ;
; Unconstrained Input Port Paths  ; 148   ; 148  ;
; Unconstrained Output Ports      ; 14    ; 14   ;
; Unconstrained Output Port Paths ; 252   ; 252  ;
+---------------------------------+-------+------+


+------------------------------------+
; TimeQuest Timing Analyzer Messages ;
+------------------------------------+
Info: *******************************************************************
Info: Running Quartus II 64-Bit TimeQuest Timing Analyzer
    Info: Version 13.0.1 Build 232 06/12/2013 Service Pack 1 SJ Web Edition
    Info: Processing started: Tue Apr 21 09:50:28 2020
Info: Command: quartus_sta test_bench -c test_bench
Info: qsta_default_script.tcl version: #1
Warning (20028): Parallel compilation is not licensed and has been disabled
Info (21077): Low junction temperature is 0 degrees C
Info (21077): High junction temperature is 85 degrees C
Warning (335093): TimeQuest Timing Analyzer is analyzing 8 combinational loops as latches.
Critical Warning (332012): Synopsys Design Constraints File file not found: 'test_bench.sdc'. A Synopsys Design Constraints File is required by the TimeQuest Timing Analyzer to get proper timing constraints. Without it, the Compiler will not properly optimize the design.
Info (332142): No user constrained base clocks found in the design. Calling "derive_clocks -period 1.0"
Info (332105): Deriving Clocks
    Info (332105): create_clock -period 1.000 -name KEY[0] KEY[0]
Info: Found TIMEQUEST_REPORT_SCRIPT_INCLUDE_DEFAULT_ANALYSIS = ON
Info: Analyzing Slow Model
Info (332140): No fmax paths to report
Info (332140): No Setup paths to report
Info (332140): No Hold paths to report
Info (332140): No Recovery paths to report
Info (332140): No Removal paths to report
Critical Warning (332148): Timing requirements not met
Info (332146): Worst-case minimum pulse width slack is -1.222
    Info (332119):     Slack End Point TNS Clock 
    Info (332119): ========= ============= =====================
    Info (332119):    -1.222        -1.222 KEY[0] 
Info (332001): The selected device family is not supported by the report_metastability command.
Info: Analyzing Fast Model
Info (332140): No Setup paths to report
Info (332140): No Hold paths to report
Info (332140): No Recovery paths to report
Info (332140): No Removal paths to report
Critical Warning (332148): Timing requirements not met
Info (332146): Worst-case minimum pulse width slack is -1.222
    Info (332119):     Slack End Point TNS Clock 
    Info (332119): ========= ============= =====================
    Info (332119):    -1.222        -1.222 KEY[0] 
Info (332001): The selected device family is not supported by the report_metastability command.
Info (332102): Design is not fully constrained for setup requirements
Info (332102): Design is not fully constrained for hold requirements
Info: Quartus II 64-Bit TimeQuest Timing Analyzer was successful. 0 errors, 5 warnings
    Info: Peak virtual memory: 4548 megabytes
    Info: Processing ended: Tue Apr 21 09:50:29 2020
    Info: Elapsed time: 00:00:01
    Info: Total CPU time (on all processors): 00:00:01


